0 verbose cli C:\Program Files\nodejs\node.exe C:\Program Files\nodejs\node_modules\npm\bin\npm-cli.js
1 info using npm@10.9.0
2 info using node@v22.12.0
3 silly config load:file:C:\Program Files\nodejs\node_modules\npm\npmrc
4 silly config load:file:C:\Users\User\Desktop\BizManager\bizmanager\.npmrc
5 silly config load:file:C:\Users\User\.npmrc
6 silly config load:file:C:\Users\User\AppData\Roaming\npm\etc\npmrc
7 verbose title npm install
8 verbose argv "install"
9 verbose logfile logs-max:10 dir:C:\Users\User\Desktop\BizManager\bizmanager\.npm-cache\_logs\2026-05-06T09_26_14_473Z-
10 verbose logfile C:\Users\User\Desktop\BizManager\bizmanager\.npm-cache\_logs\2026-05-06T09_26_14_473Z-debug-0.log
11 silly logfile done cleaning log files
12 silly packumentCache heap:4345298944 maxSize:1086324736 maxEntrySize:543162368
13 silly idealTree buildDeps
14 warn EBADENGINE Unsupported engine {
14 warn EBADENGINE   package: 'eslint-visitor-keys@5.0.1',
14 warn EBADENGINE   required: { node: '^20.19.0 || ^22.13.0 || >=24' },
14 warn EBADENGINE   current: { node: 'v22.12.0', npm: '10.9.0' }
14 warn EBADENGINE }
15 http fetch GET https://registry.npmjs.org/npm attempt 1 failed with EACCES
16 verbose shrinkwrap failed to load node_modules/.package-lock.json out of date, updated: node_modules
17 silly reify mark retired [
17 silly reify   'C:\\Users\\User\\Desktop\\BizManager\\bizmanager\\node_modules\\base64-arraybuffer'
17 silly reify ]
18 silly reify mark retired [
18 silly reify   'C:\\Users\\User\\Desktop\\BizManager\\bizmanager\\node_modules\\canvg'
18 silly reify ]
19 silly reify mark retired [
19 silly reify   'C:\\Users\\User\\Desktop\\BizManager\\bizmanager\\node_modules\\core-js'
19 silly reify ]
20 silly reify mark retired [
20 silly reify   'C:\\Users\\User\\Desktop\\BizManager\\bizmanager\\node_modules\\css-line-break'
20 silly reify ]
21 silly reify mark retired [
21 silly reify   'C:\\Users\\User\\Desktop\\BizManager\\bizmanager\\node_modules\\dompurify'
21 silly reify ]
22 silly reify mark retired [
22 silly reify   'C:\\Users\\User\\Desktop\\BizManager\\bizmanager\\node_modules\\fast-png'
22 silly reify ]
23 silly reify mark retired [
23 silly reify   'C:\\Users\\User\\Desktop\\BizManager\\bizmanager\\node_modules\\fflate'
23 silly reify ]
24 silly reify mark retired [
24 silly reify   'C:\\Users\\User\\Desktop\\BizManager\\bizmanager\\node_modules\\html-to-image'
24 silly reify ]
25 silly reify mark retired [
25 silly reify   'C:\\Users\\User\\Desktop\\BizManager\\bizmanager\\node_modules\\html2canvas'
25 silly reify ]
26 silly reify mark retired [
26 silly reify   'C:\\Users\\User\\Desktop\\BizManager\\bizmanager\\node_modules\\iobuffer'
26 silly reify ]
27 silly reify mark retired [
27 silly reify   'C:\\Users\\User\\Desktop\\BizManager\\bizmanager\\node_modules\\jspdf'
27 silly reify ]
28 silly reify mark retired [
28 silly reify   'C:\\Users\\User\\Desktop\\BizManager\\bizmanager\\node_modules\\lightningcss-android-arm64'
28 silly reify ]
29 silly reify mark retired [
29 silly reify   'C:\\Users\\User\\Desktop\\BizManager\\bizmanager\\node_modules\\lightningcss-darwin-x64'
29 silly reify ]
30 silly reify mark retired [
30 silly reify   'C:\\Users\\User\\Desktop\\BizManager\\bizmanager\\node_modules\\lightningcss-freebsd-x64'
30 silly reify ]
31 silly reify mark retired [
31 silly reify   'C:\\Users\\User\\Desktop\\BizManager\\bizmanager\\node_modules\\lightningcss-linux-arm-gnueabihf'
31 silly reify ]
32 silly reify mark retired [
32 silly reify   'C:\\Users\\User\\Desktop\\BizManager\\bizmanager\\node_modules\\lightningcss-linux-arm64-gnu'
32 silly reify ]
33 silly reify mark retired [
33 silly reify   'C:\\Users\\User\\Desktop\\BizManager\\bizmanager\\node_modules\\lightningcss-linux-arm64-musl'
33 silly reify ]
34 silly reify mark retired [
34 silly reify   'C:\\Users\\User\\Desktop\\BizManager\\bizmanager\\node_modules\\lightningcss-darwin-arm64'
34 silly reify ]
35 silly reify mark retired [
35 silly reify   'C:\\Users\\User\\Desktop\\BizManager\\bizmanager\\node_modules\\lightningcss-linux-x64-gnu'
35 silly reify ]
36 silly reify mark retired [
36 silly reify   'C:\\Users\\User\\Desktop\\BizManager\\bizmanager\\node_modules\\lightningcss-linux-x64-musl'
36 silly reify ]
37 silly reify mark retired [
37 silly reify   'C:\\Users\\User\\Desktop\\BizManager\\bizmanager\\node_modules\\lightningcss-win32-arm64-msvc'
37 silly reify ]
38 silly reify mark retired [
38 silly reify   'C:\\Users\\User\\Desktop\\BizManager\\bizmanager\\node_modules\\pako'
38 silly reify ]
39 silly reify mark retired [
39 silly reify   'C:\\Users\\User\\Desktop\\BizManager\\bizmanager\\node_modules\\rgbcolor'
39 silly reify ]
40 silly reify mark retired [
40 silly reify   'C:\\Users\\User\\Desktop\\BizManager\\bizmanager\\node_modules\\stackblur-canvas'
40 silly reify ]
41 silly reify mark retired [
41 silly reify   'C:\\Users\\User\\Desktop\\BizManager\\bizmanager\\node_modules\\svg-pathdata'
41 silly reify ]
42 silly reify mark retired [
42 silly reify   'C:\\Users\\User\\Desktop\\BizManager\\bizmanager\\node_modules\\text-segmentation'
42 silly reify ]
43 silly reify mark retired [
43 silly reify   'C:\\Users\\User\\Desktop\\BizManager\\bizmanager\\node_modules\\utrie'
43 silly reify ]
44 silly reify mark retired [
44 silly reify   'C:\\Users\\User\\Desktop\\BizManager\\bizmanager\\node_modules\\@babel\\runtime'
44 silly reify ]
45 silly reify mark retired [
45 silly reify   'C:\\Users\\User\\Desktop\\BizManager\\bizmanager\\node_modules\\@img\\sharp-darwin-arm64'
45 silly reify ]
46 silly reify mark retired [
46 silly reify   'C:\\Users\\User\\Desktop\\BizManager\\bizmanager\\node_modules\\@img\\sharp-darwin-x64'
46 silly reify ]
47 silly reify mark retired [
47 silly reify   'C:\\Users\\User\\Desktop\\BizManager\\bizmanager\\node_modules\\@img\\sharp-libvips-darwin-arm64'
47 silly reify ]
48 silly reify mark retired [
48 silly reify   'C:\\Users\\User\\Desktop\\BizManager\\bizmanager\\node_modules\\@img\\sharp-libvips-darwin-x64'
48 silly reify ]
49 silly reify mark retired [
49 silly reify   'C:\\Users\\User\\Desktop\\BizManager\\bizmanager\\node_modules\\@img\\sharp-libvips-linux-arm'
49 silly reify ]
50 silly reify mark retired [
50 silly reify   'C:\\Users\\User\\Desktop\\BizManager\\bizmanager\\node_modules\\@img\\sharp-libvips-linux-arm64'
50 silly reify ]
51 silly reify mark retired [
51 silly reify   'C:\\Users\\User\\Desktop\\BizManager\\bizmanager\\node_modules\\@img\\sharp-libvips-linux-ppc64'
51 silly reify ]
52 silly reify mark retired [
52 silly reify   'C:\\Users\\User\\Desktop\\BizManager\\bizmanager\\node_modules\\@img\\sharp-libvips-linux-s390x'
52 silly reify ]
53 silly reify mark retired [
53 silly reify   'C:\\Users\\User\\Desktop\\BizManager\\bizmanager\\node_modules\\@img\\sharp-libvips-linux-x64'
53 silly reify ]
54 silly reify mark retired [
54 silly reify   'C:\\Users\\User\\Desktop\\BizManager\\bizmanager\\node_modules\\@img\\sharp-libvips-linux-riscv64'
54 silly reify ]
55 silly reify mark retired [
55 silly reify   'C:\\Users\\User\\Desktop\\BizManager\\bizmanager\\node_modules\\@img\\sharp-libvips-linuxmusl-x64'
55 silly reify ]
56 silly reify mark retired [
56 silly reify   'C:\\Users\\User\\Desktop\\BizManager\\bizmanager\\node_modules\\@img\\sharp-linux-arm'
56 silly reify ]
57 silly reify mark retired [
57 silly reify   'C:\\Users\\User\\Desktop\\BizManager\\bizmanager\\node_modules\\@img\\sharp-libvips-linuxmusl-arm64'
57 silly reify ]
58 silly reify mark retired [
58 silly reify   'C:\\Users\\User\\Desktop\\BizManager\\bizmanager\\node_modules\\@img\\sharp-linux-arm64'
58 silly reify ]
59 silly reify mark retired [
59 silly reify   'C:\\Users\\User\\Desktop\\BizManager\\bizmanager\\node_modules\\@img\\sharp-linux-ppc64'
59 silly reify ]
60 silly reify mark retired [
60 silly reify   'C:\\Users\\User\\Desktop\\BizManager\\bizmanager\\node_modules\\@img\\sharp-linux-riscv64'
60 silly reify ]
61 silly reify mark retired [
61 silly reify   'C:\\Users\\User\\Desktop\\BizManager\\bizmanager\\node_modules\\@img\\sharp-linux-s390x'
61 silly reify ]
62 silly reify mark retired [
62 silly reify   'C:\\Users\\User\\Desktop\\BizManager\\bizmanager\\node_modules\\@img\\sharp-linux-x64'
62 silly reify ]
63 silly reify mark retired [
63 silly reify   'C:\\Users\\User\\Desktop\\BizManager\\bizmanager\\node_modules\\@img\\sharp-linuxmusl-arm64'
63 silly reify ]
64 silly reify mark retired [
64 silly reify   'C:\\Users\\User\\Desktop\\BizManager\\bizmanager\\node_modules\\@img\\sharp-linuxmusl-x64'
64 silly reify ]
65 silly reify mark retired [
65 silly reify   'C:\\Users\\User\\Desktop\\BizManager\\bizmanager\\node_modules\\@img\\sharp-wasm32'
65 silly reify ]
66 silly reify mark retired [
66 silly reify   'C:\\Users\\User\\Desktop\\BizManager\\bizmanager\\node_modules\\@img\\sharp-win32-arm64'
66 silly reify ]
67 silly reify mark retired [
67 silly reify   'C:\\Users\\User\\Desktop\\BizManager\\bizmanager\\node_modules\\@img\\sharp-win32-ia32'
67 silly reify ]
68 silly reify mark retired [
68 silly reify   'C:\\Users\\User\\Desktop\\BizManager\\bizmanager\\node_modules\\@next\\swc-darwin-arm64'
68 silly reify ]
69 silly reify mark retired [
69 silly reify   'C:\\Users\\User\\Desktop\\BizManager\\bizmanager\\node_modules\\@next\\swc-darwin-x64'
69 silly reify ]
70 silly reify mark retired [
70 silly reify   'C:\\Users\\User\\Desktop\\BizManager\\bizmanager\\node_modules\\@next\\swc-linux-arm64-gnu'
70 silly reify ]
71 silly reify mark retired [
71 silly reify   'C:\\Users\\User\\Desktop\\BizManager\\bizmanager\\node_modules\\@next\\swc-linux-arm64-musl'
71 silly reify ]
72 silly reify mark retired [
72 silly reify   'C:\\Users\\User\\Desktop\\BizManager\\bizmanager\\node_modules\\@next\\swc-linux-x64-gnu'
72 silly reify ]
73 silly reify mark retired [
73 silly reify   'C:\\Users\\User\\Desktop\\BizManager\\bizmanager\\node_modules\\@next\\swc-linux-x64-musl'
73 silly reify ]
74 silly reify mark retired [
74 silly reify   'C:\\Users\\User\\Desktop\\BizManager\\bizmanager\\node_modules\\@next\\swc-win32-arm64-msvc'
74 silly reify ]
75 silly reify mark retired [
75 silly reify   'C:\\Users\\User\\Desktop\\BizManager\\bizmanager\\node_modules\\@tailwindcss\\oxide-android-arm64'
75 silly reify ]
76 silly reify mark retired [
76 silly reify   'C:\\Users\\User\\Desktop\\BizManager\\bizmanager\\node_modules\\@tailwindcss\\oxide-darwin-arm64'
76 silly reify ]
77 silly reify mark retired [
77 silly reify   'C:\\Users\\User\\Desktop\\BizManager\\bizmanager\\node_modules\\@tailwindcss\\oxide-darwin-x64'
77 silly reify ]
78 silly reify mark retired [
78 silly reify   'C:\\Users\\User\\Desktop\\BizManager\\bizmanager\\node_modules\\@tailwindcss\\oxide-freebsd-x64'
78 silly reify ]
79 silly reify mark retired [
79 silly reify   'C:\\Users\\User\\Desktop\\BizManager\\bizmanager\\node_modules\\@tailwindcss\\oxide-linux-arm-gnueabihf'
79 silly reify ]
80 silly reify mark retired [
80 silly reify   'C:\\Users\\User\\Desktop\\BizManager\\bizmanager\\node_modules\\@tailwindcss\\oxide-linux-arm64-gnu'
80 silly reify ]
81 silly reify mark retired [
81 silly reify   'C:\\Users\\User\\Desktop\\BizManager\\bizmanager\\node_modules\\@tailwindcss\\oxide-linux-arm64-musl'
81 silly reify ]
82 silly reify mark retired [
82 silly reify   'C:\\Users\\User\\Desktop\\BizManager\\bizmanager\\node_modules\\@tailwindcss\\oxide-linux-x64-gnu'
82 silly reify ]
83 silly reify mark retired [
83 silly reify   'C:\\Users\\User\\Desktop\\BizManager\\bizmanager\\node_modules\\@tailwindcss\\oxide-linux-x64-musl'
83 silly reify ]
84 silly reify mark retired [
84 silly reify   'C:\\Users\\User\\Desktop\\BizManager\\bizmanager\\node_modules\\@tailwindcss\\oxide-wasm32-wasi'
84 silly reify ]
85 silly reify mark retired [
85 silly reify   'C:\\Users\\User\\Desktop\\BizManager\\bizmanager\\node_modules\\@tailwindcss\\oxide-win32-arm64-msvc'
85 silly reify ]
86 silly reify mark retired [
86 silly reify   'C:\\Users\\User\\Desktop\\BizManager\\bizmanager\\node_modules\\@types\\pako'
86 silly reify ]
87 silly reify mark retired [
87 silly reify   'C:\\Users\\User\\Desktop\\BizManager\\bizmanager\\node_modules\\@types\\raf'
87 silly reify ]
88 silly reify mark retired [
88 silly reify   'C:\\Users\\User\\Desktop\\BizManager\\bizmanager\\node_modules\\@unrs\\resolver-binding-android-arm-eabi'
88 silly reify ]
89 silly reify mark retired [
89 silly reify   'C:\\Users\\User\\Desktop\\BizManager\\bizmanager\\node_modules\\@unrs\\resolver-binding-android-arm64'
89 silly reify ]
90 silly reify mark retired [
90 silly reify   'C:\\Users\\User\\Desktop\\BizManager\\bizmanager\\node_modules\\@unrs\\resolver-binding-darwin-arm64'
90 silly reify ]
91 silly reify mark retired [
91 silly reify   'C:\\Users\\User\\Desktop\\BizManager\\bizmanager\\node_modules\\@unrs\\resolver-binding-darwin-x64'
91 silly reify ]
92 silly reify mark retired [
92 silly reify   'C:\\Users\\User\\Desktop\\BizManager\\bizmanager\\node_modules\\@unrs\\resolver-binding-freebsd-x64'
92 silly reify ]
93 silly reify mark retired [
93 silly reify   'C:\\Users\\User\\Desktop\\BizManager\\bizmanager\\node_modules\\@unrs\\resolver-binding-linux-arm-gnueabihf'
93 silly reify ]
94 silly reify mark retired [
94 silly reify   'C:\\Users\\User\\Desktop\\BizManager\\bizmanager\\node_modules\\@unrs\\resolver-binding-linux-arm-musleabihf'
94 silly reify ]
95 silly reify mark retired [
95 silly reify   'C:\\Users\\User\\Desktop\\BizManager\\bizmanager\\node_modules\\@unrs\\resolver-binding-linux-arm64-gnu'
95 silly reify ]
96 silly reify mark retired [
96 silly reify   'C:\\Users\\User\\Desktop\\BizManager\\bizmanager\\node_modules\\@unrs\\resolver-binding-linux-arm64-musl'
96 silly reify ]
97 silly reify mark retired [
97 silly reify   'C:\\Users\\User\\Desktop\\BizManager\\bizmanager\\node_modules\\@unrs\\resolver-binding-linux-ppc64-gnu'
97 silly reify ]
98 silly reify mark retired [
98 silly reify   'C:\\Users\\User\\Desktop\\BizManager\\bizmanager\\node_modules\\@unrs\\resolver-binding-linux-riscv64-gnu'
98 silly reify ]
99 silly reify mark retired [
99 silly reify   'C:\\Users\\User\\Desktop\\BizManager\\bizmanager\\node_modules\\@unrs\\resolver-binding-linux-riscv64-musl'
99 silly reify ]
100 silly reify mark retired [
100 silly reify   'C:\\Users\\User\\Desktop\\BizManager\\bizmanager\\node_modules\\@unrs\\resolver-binding-linux-x64-gnu'
100 silly reify ]
101 silly reify mark retired [
101 silly reify   'C:\\Users\\User\\Desktop\\BizManager\\bizmanager\\node_modules\\@unrs\\resolver-binding-linux-x64-musl'
101 silly reify ]
102 silly reify mark retired [
102 silly reify   'C:\\Users\\User\\Desktop\\BizManager\\bizmanager\\node_modules\\@unrs\\resolver-binding-wasm32-wasi'
102 silly reify ]
103 silly reify mark retired [
103 silly reify   'C:\\Users\\User\\Desktop\\BizManager\\bizmanager\\node_modules\\@unrs\\resolver-binding-linux-s390x-gnu'
103 silly reify ]
104 silly reify mark retired [
104 silly reify   'C:\\Users\\User\\Desktop\\BizManager\\bizmanager\\node_modules\\@unrs\\resolver-binding-win32-arm64-msvc'
104 silly reify ]
105 silly reify mark retired [
105 silly reify   'C:\\Users\\User\\Desktop\\BizManager\\bizmanager\\node_modules\\@unrs\\resolver-binding-win32-ia32-msvc'
105 silly reify ]
106 silly reify moves {
106 silly reify   'C:\\Users\\User\\Desktop\\BizManager\\bizmanager\\node_modules\\base64-arraybuffer': 'C:\\Users\\User\\Desktop\\BizManager\\bizmanager\\node_modules\\.base64-arraybuffer-eCr3C2xf',
106 silly reify   'C:\\Users\\User\\Desktop\\BizManager\\bizmanager\\node_modules\\canvg': 'C:\\Users\\User\\Desktop\\BizManager\\bizmanager\\node_modules\\.canvg-VydrEBsB',
106 silly reify   'C:\\Users\\User\\Desktop\\BizManager\\bizmanager\\node_modules\\core-js': 'C:\\Users\\User\\Desktop\\BizManager\\bizmanager\\node_modules\\.core-js-fAbOjfKf',
106 silly reify   'C:\\Users\\User\\Desktop\\BizManager\\bizmanager\\node_modules\\css-line-break': 'C:\\Users\\User\\Desktop\\BizManager\\bizmanager\\node_modules\\.css-line-break-IMl6SFOX',
106 silly reify   'C:\\Users\\User\\Desktop\\BizManager\\bizmanager\\node_modules\\dompurify': 'C:\\Users\\User\\Desktop\\BizManager\\bizmanager\\node_modules\\.dompurify-g8LyxN9H',
106 silly reify   'C:\\Users\\User\\Desktop\\BizManager\\bizmanager\\node_modules\\fast-png': 'C:\\Users\\User\\Desktop\\BizManager\\bizmanager\\node_modules\\.fast-png-44WXLe4S',
106 silly reify   'C:\\Users\\User\\Desktop\\BizManager\\bizmanager\\node_modules\\fflate': 'C:\\Users\\User\\Desktop\\BizManager\\bizmanager\\node_modules\\.fflate-7uPn8aMG',
106 silly reify   'C:\\Users\\User\\Desktop\\BizManager\\bizmanager\\node_modules\\html-to-image': 'C:\\Users\\User\\Desktop\\BizManager\\bizmanager\\node_modules\\.html-to-image-OOO8Wtne',
106 silly reify   'C:\\Users\\User\\Desktop\\BizManager\\bizmanager\\node_modules\\html2canvas': 'C:\\Users\\User\\Desktop\\BizManager\\bizmanager\\node_modules\\.html2canvas-U7DUEMcp',
106 silly reify   'C:\\Users\\User\\Desktop\\BizManager\\bizmanager\\node_modules\\iobuffer': 'C:\\Users\\User\\Desktop\\BizManager\\bizmanager\\node_modules\\.iobuffer-VdVQnE5Z',
106 silly reify   'C:\\Users\\User\\Desktop\\BizManager\\bizmanager\\node_modules\\jspdf': 'C:\\Users\\User\\Desktop\\BizManager\\bizmanager\\node_modules\\.jspdf-8qrwHZZ8',
106 silly reify   'C:\\Users\\User\\Desktop\\BizManager\\bizmanager\\node_modules\\lightningcss-android-arm64': 'C:\\Users\\User\\Desktop\\BizManager\\bizmanager\\node_modules\\.lightningcss-android-arm64-KkzxLl3M',
106 silly reify   'C:\\Users\\User\\Desktop\\BizManager\\bizmanager\\node_modules\\lightningcss-darwin-x64': 'C:\\Users\\User\\Desktop\\BizManager\\bizmanager\\node_modules\\.lightningcss-darwin-x64-8TjsYs9d',
106 silly reify   'C:\\Users\\User\\Desktop\\BizManager\\bizmanager\\node_modules\\lightningcss-freebsd-x64': 'C:\\Users\\User\\Desktop\\BizManager\\bizmanager\\node_modules\\.lightningcss-freebsd-x64-CBModqLn',
106 silly reify   'C:\\Users\\User\\Desktop\\BizManager\\bizmanager\\node_modules\\lightningcss-linux-arm-gnueabihf': 'C:\\Users\\User\\Desktop\\BizManager\\bizmanager\\node_modules\\.lightningcss-linux-arm-gnueabihf-nfQJQRcW',
106 silly reify   'C:\\Users\\User\\Desktop\\BizManager\\bizmanager\\node_modules\\lightningcss-linux-arm64-gnu': 'C:\\Users\\User\\Desktop\\BizManager\\bizmanager\\node_modules\\.lightningcss-linux-arm64-gnu-FOE0VaCc',
106 silly reify   'C:\\Users\\User\\Desktop\\BizManager\\bizmanager\\node_modules\\lightningcss-linux-arm64-musl': 'C:\\Users\\User\\Desktop\\BizManager\\bizmanager\\node_modules\\.lightningcss-linux-arm64-musl-GXruwgCh',
106 silly reify   'C:\\Users\\User\\Desktop\\BizManager\\bizmanager\\node_modules\\lightningcss-darwin-arm64': 'C:\\Users\\User\\Desktop\\BizManager\\bizmanager\\node_modules\\.lightningcss-darwin-arm64-lh7jWH0L',
106 silly reify   'C:\\Users\\User\\Desktop\\BizManager\\bizmanager\\node_modules\\lightningcss-linux-x64-gnu': 'C:\\Users\\User\\Desktop\\BizManager\\bizmanager\\node_modules\\.lightningcss-linux-x64-gnu-DjgB8AAu',
106 silly reify   'C:\\Users\\User\\Desktop\\BizManager\\bizmanager\\node_modules\\lightningcss-linux-x64-musl': 'C:\\Users\\User\\Desktop\\BizManager\\bizmanager\\node_modules\\.lightningcss-linux-x64-musl-Zt0oTLKB',
106 silly reify   'C:\\Users\\User\\Desktop\\BizManager\\bizmanager\\node_modules\\lightningcss-win32-arm64-msvc': 'C:\\Users\\User\\Desktop\\BizManager\\bizmanager\\node_modules\\.lightningcss-win32-arm64-msvc-Hjq50XlB',
106 silly reify   'C:\\Users\\User\\Desktop\\BizManager\\bizmanager\\node_modules\\pako': 'C:\\Users\\User\\Desktop\\BizManager\\bizmanager\\node_modules\\.pako-Sgb3GYnZ',
106 silly reify   'C:\\Users\\User\\Desktop\\BizManager\\bizmanager\\node_modules\\rgbcolor': 'C:\\Users\\User\\Desktop\\BizManager\\bizmanager\\node_modules\\.rgbcolor-vPkKRsp8',
106 silly reify   'C:\\Users\\User\\Desktop\\BizManager\\bizmanager\\node_modules\\stackblur-canvas': 'C:\\Users\\User\\Desktop\\BizManager\\bizmanager\\node_modules\\.stackblur-canvas-Mx6TmaUU',
106 silly reify   'C:\\Users\\User\\Desktop\\BizManager\\bizmanager\\node_modules\\svg-pathdata': 'C:\\Users\\User\\Desktop\\BizManager\\bizmanager\\node_modules\\.svg-pathdata-0x8XvWKt',
106 silly reify   'C:\\Users\\User\\Desktop\\BizManager\\bizmanager\\node_modules\\text-segmentation': 'C:\\Users\\User\\Desktop\\BizManager\\bizmanager\\node_modules\\.text-segmentation-fojj4jZm',
106 silly reify   'C:\\Users\\User\\Desktop\\BizManager\\bizmanager\\node_modules\\utrie': 'C:\\Users\\User\\Desktop\\BizManager\\bizmanager\\node_modules\\.utrie-NH4wGRmE',
106 silly reify   'C:\\Users\\User\\Desktop\\BizManager\\bizmanager\\node_modules\\@babel\\runtime': 'C:\\Users\\User\\Desktop\\BizManager\\bizmanager\\node_modules\\@babel\\.runtime-nvVYZXWL',
106 silly reify   'C:\\Users\\User\\Desktop\\BizManager\\bizmanager\\node_modules\\@img\\sharp-darwin-arm64': 'C:\\Users\\User\\Desktop\\BizManager\\bizmanager\\node_modules\\@img\\.sharp-darwin-arm64-s9MxwSVD',
106 silly reify   'C:\\Users\\User\\Desktop\\BizManager\\bizmanager\\node_modules\\@img\\sharp-darwin-x64': 'C:\\Users\\User\\Desktop\\BizManager\\bizmanager\\node_modules\\@img\\.sharp-darwin-x64-ihO9pMYA',
106 silly reify   'C:\\Users\\User\\Desktop\\BizManager\\bizmanager\\node_modules\\@img\\sharp-libvips-darwin-arm64': 'C:\\Users\\User\\Desktop\\BizManager\\bizmanager\\node_modules\\@img\\.sharp-libvips-darwin-arm64-9eCx3gZE',
106 silly reify   'C:\\Users\\User\\Desktop\\BizManager\\bizmanager\\node_modules\\@img\\sharp-libvips-darwin-x64': 'C:\\Users\\User\\Desktop\\BizManager\\bizmanager\\node_modules\\@img\\.sharp-libvips-darwin-x64-dNhaidSt',
106 silly reify   'C:\\Users\\User\\Desktop\\BizManager\\bizmanager\\node_modules\\@img\\sharp-libvips-linux-arm': 'C:\\Users\\User\\Desktop\\BizManager\\bizmanager\\node_modules\\@img\\.sharp-libvips-linux-arm-xcwM7KSy',
106 silly reify   'C:\\Users\\User\\Desktop\\BizManager\\bizmanager\\node_modules\\@img\\sharp-libvips-linux-arm64': 'C:\\Users\\User\\Desktop\\BizManager\\bizmanager\\node_modules\\@img\\.sharp-libvips-linux-arm64-TnUreVdw',
106 silly reify   'C:\\Users\\User\\Desktop\\BizManager\\bizmanager\\node_modules\\@img\\sharp-libvips-linux-ppc64': 'C:\\Users\\User\\Desktop\\BizManager\\bizmanager\\node_modules\\@img\\.sharp-libvips-linux-ppc64-qfMGcX1n',
106 silly reify   'C:\\Users\\User\\Desktop\\BizManager\\bizmanager\\node_modules\\@img\\sharp-libvips-linux-s390x': 'C:\\Users\\User\\Desktop\\BizManager\\bizmanager\\node_modules\\@img\\.sharp-libvips-linux-s390x-6MDpnhKQ',
106 silly reify   'C:\\Users\\User\\Desktop\\BizManager\\bizmanager\\node_modules\\@img\\sharp-libvips-linux-x64': 'C:\\Users\\User\\Desktop\\BizManager\\bizmanager\\node_modules\\@img\\.sharp-libvips-linux-x64-OTeJBcQD',
106 silly reify   'C:\\Users\\User\\Desktop\\BizManager\\bizmanager\\node_modules\\@img\\sharp-libvips-linux-riscv64': 'C:\\Users\\User\\Desktop\\BizManager\\bizmanager\\node_modules\\@img\\.sharp-libvips-linux-riscv64-SxWJpZgj',
106 silly reify   'C:\\Users\\User\\Desktop\\BizManager\\bizmanager\\node_modules\\@img\\sharp-libvips-linuxmusl-x64': 'C:\\Users\\User\\Desktop\\BizManager\\bizmanager\\node_modules\\@img\\.sharp-libvips-linuxmusl-x64-FPOFlikD',
106 silly reify   'C:\\Users\\User\\Desktop\\BizManager\\bizmanager\\node_modules\\@img\\sharp-linux-arm': 'C:\\Users\\User\\Desktop\\BizManager\\bizmanager\\node_modules\\@img\\.sharp-linux-arm-9BVQAX2j',
106 silly reify   'C:\\Users\\User\\Desktop\\BizManager\\bizmanager\\node_modules\\@img\\sharp-libvips-linuxmusl-arm64': 'C:\\Users\\User\\Desktop\\BizManager\\bizmanager\\node_modules\\@img\\.sharp-libvips-linuxmusl-arm64-wi2Q4veQ',
106 silly reify   'C:\\Users\\User\\Desktop\\BizManager\\bizmanager\\node_modules\\@img\\sharp-linux-arm64': 'C:\\Users\\User\\Desktop\\BizManager\\bizmanager\\node_modules\\@img\\.sharp-linux-arm64-021gWTJB',
106 silly reify   'C:\\Users\\User\\Desktop\\BizManager\\bizmanager\\node_modules\\@img\\sharp-linux-ppc64': 'C:\\Users\\User\\Desktop\\BizManager\\bizmanager\\node_modules\\@img\\.sharp-linux-ppc64-PqbsMVRD',
106 silly reify   'C:\\Users\\User\\Desktop\\BizManager\\bizmanager\\node_modules\\@img\\sharp-linux-riscv64': 'C:\\Users\\User\\Desktop\\BizManager\\bizmanager\\node_modules\\@img\\.sharp-linux-riscv64-pCdVTwap',
106 silly reify   'C:\\Users\\User\\Desktop\\BizManager\\bizmanager\\node_modules\\@img\\sharp-linux-s390x': 'C:\\Users\\User\\Desktop\\BizManager\\bizmanager\\node_modules\\@img\\.sharp-linux-s390x-e6jBGvPD',
106 silly reify   'C:\\Users\\User\\Desktop\\BizManager\\bizmanager\\node_modules\\@img\\sharp-linux-x64': 'C:\\Users\\User\\Desktop\\BizManager\\bizmanager\\node_modules\\@img\\.sharp-linux-x64-cLpOGSy4',
106 silly reify   'C:\\Users\\User\\Desktop\\BizManager\\bizmanager\\node_modules\\@img\\sharp-linuxmusl-arm64': 'C:\\Users\\User\\Desktop\\BizManager\\bizmanager\\node_modules\\@img\\.sharp-linuxmusl-arm64-zlLClF85',
106 silly reify   'C:\\Users\\User\\Desktop\\BizManager\\bizmanager\\node_modules\\@img\\sharp-linuxmusl-x64': 'C:\\Users\\User\\Desktop\\BizManager\\bizmanager\\node_modules\\@img\\.sharp-linuxmusl-x64-eQKSkICS',
106 silly reify   'C:\\Users\\User\\Desktop\\BizManager\\bizmanager\\node_modules\\@img\\sharp-wasm32': 'C:\\Users\\User\\Desktop\\BizManager\\bizmanager\\node_modules\\@img\\.sharp-wasm32-p7004Q4d',
106 silly reify   'C:\\Users\\User\\Desktop\\BizManager\\bizmanager\\node_modules\\@img\\sharp-win32-arm64': 'C:\\Users\\User\\Desktop\\BizManager\\bizmanager\\node_modules\\@img\\.sharp-win32-arm64-YzTEwocZ',
106 silly reify   'C:\\Users\\User\\Desktop\\BizManager\\bizmanager\\node_modules\\@img\\sharp-win32-ia32': 'C:\\Users\\User\\Desktop\\BizManager\\bizmanager\\node_modules\\@img\\.sharp-win32-ia32-rUvPMjFn',
106 silly reify   'C:\\Users\\User\\Desktop\\BizManager\\bizmanager\\node_modules\\@next\\swc-darwin-arm64': 'C:\\Users\\User\\Desktop\\BizManager\\bizmanager\\node_modules\\@next\\.swc-darwin-arm64-eMT6djRq',
106 silly reify   'C:\\Users\\User\\Desktop\\BizManager\\bizmanager\\node_modules\\@next\\swc-darwin-x64': 'C:\\Users\\User\\Desktop\\BizManager\\bizmanager\\node_modules\\@next\\.swc-darwin-x64-9CRwUasn',
106 silly reify   'C:\\Users\\User\\Desktop\\BizManager\\bizmanager\\node_modules\\@next\\swc-linux-arm64-gnu': 'C:\\Users\\User\\Desktop\\BizManager\\bizmanager\\node_modules\\@next\\.swc-linux-arm64-gnu-Q1a6b17j',
106 silly reify   'C:\\Users\\User\\Desktop\\BizManager\\bizmanager\\node_modules\\@next\\swc-linux-arm64-musl': 'C:\\Users\\User\\Desktop\\BizManager\\bizmanager\\node_modules\\@next\\.swc-linux-arm64-musl-JrETyXod',
106 silly reify   'C:\\Users\\User\\Desktop\\BizManager\\bizmanager\\node_modules\\@next\\swc-linux-x64-gnu': 'C:\\Users\\User\\Desktop\\BizManager\\bizmanager\\node_modules\\@next\\.swc-linux-x64-gnu-JHDNL5ac',
106 silly reify   'C:\\Users\\User\\Desktop\\BizManager\\bizmanager\\node_modules\\@next\\swc-linux-x64-musl': 'C:\\Users\\User\\Desktop\\BizManager\\bizmanager\\node_modules\\@next\\.swc-linux-x64-musl-h0duxT4u',
106 silly reify   'C:\\Users\\User\\Desktop\\BizManager\\bizmanager\\node_modules\\@next\\swc-win32-arm64-msvc': 'C:\\Users\\User\\Desktop\\BizManager\\bizmanager\\node_modules\\@next\\.swc-win32-arm64-msvc-toSHOU6S',
106 silly reify   'C:\\Users\\User\\Desktop\\BizManager\\bizmanager\\node_modules\\@tailwindcss\\oxide-android-arm64': 'C:\\Users\\User\\Desktop\\BizManager\\bizmanager\\node_modules\\@tailwindcss\\.oxide-android-arm64-AtBeDhaK',
106 silly reify   'C:\\Users\\User\\Desktop\\BizManager\\bizmanager\\node_modules\\@tailwindcss\\oxide-darwin-arm64': 'C:\\Users\\User\\Desktop\\BizManager\\bizmanager\\node_modules\\@tailwindcss\\.oxide-darwin-arm64-iwJzVorH',
106 silly reify   'C:\\Users\\User\\Desktop\\BizManager\\bizmanager\\node_modules\\@tailwindcss\\oxide-darwin-x64': 'C:\\Users\\User\\Desktop\\BizManager\\bizmanager\\node_modules\\@tailwindcss\\.oxide-darwin-x64-j3UZh0mu',
106 silly reify   'C:\\Users\\User\\Desktop\\BizManager\\bizmanager\\node_modules\\@tailwindcss\\oxide-freebsd-x64': 'C:\\Users\\User\\Desktop\\BizManager\\bizmanager\\node_modules\\@tailwindcss\\.oxide-freebsd-x64-8kI9bG7u',
106 silly reify   'C:\\Users\\User\\Desktop\\BizManager\\bizmanager\\node_modules\\@tailwindcss\\oxide-linux-arm-gnueabihf': 'C:\\Users\\User\\Desktop\\BizManager\\bizmanager\\node_modules\\@tailwindcss\\.oxide-linux-arm-gnueabihf-Puhrt60F',
106 silly reify   'C:\\Users\\User\\Desktop\\BizManager\\bizmanager\\node_modules\\@tailwindcss\\oxide-linux-arm64-gnu': 'C:\\Users\\User\\Desktop\\BizManager\\bizmanager\\node_modules\\@tailwindcss\\.oxide-linux-arm64-gnu-OP5ln1RP',
106 silly reify   'C:\\Users\\User\\Desktop\\BizManager\\bizmanager\\node_modules\\@tailwindcss\\oxide-linux-arm64-musl': 'C:\\Users\\User\\Desktop\\BizManager\\bizmanager\\node_modules\\@tailwindcss\\.oxide-linux-arm64-musl-2tCsFKIn',
106 silly reify   'C:\\Users\\User\\Desktop\\BizManager\\bizmanager\\node_modules\\@tailwindcss\\oxide-linux-x64-gnu': 'C:\\Users\\User\\Desktop\\BizManager\\bizmanager\\node_modules\\@tailwindcss\\.oxide-linux-x64-gnu-yhop3rQZ',
106 silly reify   'C:\\Users\\User\\Desktop\\BizManager\\bizmanager\\node_modules\\@tailwindcss\\oxide-linux-x64-musl': 'C:\\Users\\User\\Desktop\\BizManager\\bizmanager\\node_modules\\@tailwindcss\\.oxide-linux-x64-musl-W0aNFAxE',
106 silly reify   'C:\\Users\\User\\Desktop\\BizManager\\bizmanager\\node_modules\\@tailwindcss\\oxide-wasm32-wasi': 'C:\\Users\\User\\Desktop\\BizManager\\bizmanager\\node_modules\\@tailwindcss\\.oxide-wasm32-wasi-oOo6TeUe',
106 silly reify   'C:\\Users\\User\\Desktop\\BizManager\\bizmanager\\node_modules\\@tailwindcss\\oxide-win32-arm64-msvc': 'C:\\Users\\User\\Desktop\\BizManager\\bizmanager\\node_modules\\@tailwindcss\\.oxide-win32-arm64-msvc-VKS4c43u',
106 silly reify   'C:\\Users\\User\\Desktop\\BizManager\\bizmanager\\node_modules\\@types\\pako': 'C:\\Users\\User\\Desktop\\BizManager\\bizmanager\\node_modules\\@types\\.pako-2N6HtMsq',
106 silly reify   'C:\\Users\\User\\Desktop\\BizManager\\bizmanager\\node_modules\\@types\\raf': 'C:\\Users\\User\\Desktop\\BizManager\\bizmanager\\node_modules\\@types\\.raf-h9nWnkc8',
106 silly reify   'C:\\Users\\User\\Desktop\\BizManager\\bizmanager\\node_modules\\@unrs\\resolver-binding-android-arm-eabi': 'C:\\Users\\User\\Desktop\\BizManager\\bizmanager\\node_modules\\@unrs\\.resolver-binding-android-arm-eabi-2Lr4dZN5',
106 silly reify   'C:\\Users\\User\\Desktop\\BizManager\\bizmanager\\node_modules\\@unrs\\resolver-binding-android-arm64': 'C:\\Users\\User\\Desktop\\BizManager\\bizmanager\\node_modules\\@unrs\\.resolver-binding-android-arm64-TzOTNacf',
106 silly reify   'C:\\Users\\User\\Desktop\\BizManager\\bizmanager\\node_modules\\@unrs\\resolver-binding-darwin-arm64': 'C:\\Users\\User\\Desktop\\BizManager\\bizmanager\\node_modules\\@unrs\\.resolver-binding-darwin-arm64-MS5RNZcf',
106 silly reify   'C:\\Users\\User\\Desktop\\BizManager\\bizmanager\\node_modules\\@unrs\\resolver-binding-darwin-x64': 'C:\\Users\\User\\Desktop\\BizManager\\bizmanager\\node_modules\\@unrs\\.resolver-binding-darwin-x64-GUjXvnuS',
106 silly reify   'C:\\Users\\User\\Desktop\\BizManager\\bizmanager\\node_modules\\@unrs\\resolver-binding-freebsd-x64': 'C:\\Users\\User\\Desktop\\BizManager\\bizmanager\\node_modules\\@unrs\\.resolver-binding-freebsd-x64-c6LVTixH',
106 silly reify   'C:\\Users\\User\\Desktop\\BizManager\\bizmanager\\node_modules\\@unrs\\resolver-binding-linux-arm-gnueabihf': 'C:\\Users\\User\\Desktop\\BizManager\\bizmanager\\node_modules\\@unrs\\.resolver-binding-linux-arm-gnueabihf-A1oU5EGx',
106 silly reify   'C:\\Users\\User\\Desktop\\BizManager\\bizmanager\\node_modules\\@unrs\\resolver-binding-linux-arm-musleabihf': 'C:\\Users\\User\\Desktop\\BizManager\\bizmanager\\node_modules\\@unrs\\.resolver-binding-linux-arm-musleabihf-jBebVVQb',
106 silly reify   'C:\\Users\\User\\Desktop\\BizManager\\bizmanager\\node_modules\\@unrs\\resolver-binding-linux-arm64-gnu': 'C:\\Users\\User\\Desktop\\BizManager\\bizmanager\\node_modules\\@unrs\\.resolver-binding-linux-arm64-gnu-8JpmcVxT',
106 silly reify   'C:\\Users\\User\\Desktop\\BizManager\\bizmanager\\node_modules\\@unrs\\resolver-binding-linux-arm64-musl': 'C:\\Users\\User\\Desktop\\BizManager\\bizmanager\\node_modules\\@unrs\\.resolver-binding-linux-arm64-musl-YEWTZPGH',
106 silly reify   'C:\\Users\\User\\Desktop\\BizManager\\bizmanager\\node_modules\\@unrs\\resolver-binding-linux-ppc64-gnu': 'C:\\Users\\User\\Desktop\\BizManager\\bizmanager\\node_modules\\@unrs\\.resolver-binding-linux-ppc64-gnu-DNY03xhS',
106 silly reify   'C:\\Users\\User\\Desktop\\BizManager\\bizmanager\\node_modules\\@unrs\\resolver-binding-linux-riscv64-gnu': 'C:\\Users\\User\\Desktop\\BizManager\\bizmanager\\node_modules\\@unrs\\.resolver-binding-linux-riscv64-gnu-oSD7XIYR',
106 silly reify   'C:\\Users\\User\\Desktop\\BizManager\\bizmanager\\node_modules\\@unrs\\resolver-binding-linux-riscv64-musl': 'C:\\Users\\User\\Desktop\\BizManager\\bizmanager\\node_modules\\@unrs\\.resolver-binding-linux-riscv64-musl-DhdnZQh5',
106 silly reify   'C:\\Users\\User\\Desktop\\BizManager\\bizmanager\\node_modules\\@unrs\\resolver-binding-linux-x64-gnu': 'C:\\Users\\User\\Desktop\\BizManager\\bizmanager\\node_modules\\@unrs\\.resolver-binding-linux-x64-gnu-wipxnSu0',
106 silly reify   'C:\\Users\\User\\Desktop\\BizManager\\bizmanager\\node_modules\\@unrs\\resolver-binding-linux-x64-musl': 'C:\\Users\\User\\Desktop\\BizManager\\bizmanager\\node_modules\\@unrs\\.resolver-binding-linux-x64-musl-MlU1HmjM',
106 silly reify   'C:\\Users\\User\\Desktop\\BizManager\\bizmanager\\node_modules\\@unrs\\resolver-binding-wasm32-wasi': 'C:\\Users\\User\\Desktop\\BizManager\\bizmanager\\node_modules\\@unrs\\.resolver-binding-wasm32-wasi-XFxlU9pK',
106 silly reify   'C:\\Users\\User\\Desktop\\BizManager\\bizmanager\\node_modules\\@unrs\\resolver-binding-linux-s390x-gnu': 'C:\\Users\\User\\Desktop\\BizManager\\bizmanager\\node_modules\\@unrs\\.resolver-binding-linux-s390x-gnu-O8F9UQnP',
106 silly reify   'C:\\Users\\User\\Desktop\\BizManager\\bizmanager\\node_modules\\@unrs\\resolver-binding-win32-arm64-msvc': 'C:\\Users\\User\\Desktop\\BizManager\\bizmanager\\node_modules\\@unrs\\.resolver-binding-win32-arm64-msvc-CqtOZYPz',
106 silly reify   'C:\\Users\\User\\Desktop\\BizManager\\bizmanager\\node_modules\\@unrs\\resolver-binding-win32-ia32-msvc': 'C:\\Users\\User\\Desktop\\BizManager\\bizmanager\\node_modules\\@unrs\\.resolver-binding-win32-ia32-msvc-pyMnLWT6'
106 silly reify }
107 verbose reify failed optional dependency C:\Users\User\Desktop\BizManager\bizmanager\node_modules\@tailwindcss\oxide-wasm32-wasi
108 silly reify mark deleted [
108 silly reify   'C:\\Users\\User\\Desktop\\BizManager\\bizmanager\\node_modules\\@tailwindcss\\oxide-wasm32-wasi'
108 silly reify ]
109 silly audit bulk request {
109 silly audit   '@alloc/quick-lru': [ '5.2.0' ],
109 silly audit   '@babel/code-frame': [ '7.29.0' ],
109 silly audit   '@babel/compat-data': [ '7.29.0' ],
109 silly audit   '@babel/core': [ '7.29.0' ],
109 silly audit   '@babel/generator': [ '7.29.1' ],
109 silly audit   '@babel/helper-compilation-targets': [ '7.28.6' ],
109 silly audit   '@babel/helper-globals': [ '7.28.0' ],
109 silly audit   '@babel/helper-module-imports': [ '7.28.6' ],
109 silly audit   '@babel/helper-module-transforms': [ '7.28.6' ],
109 silly audit   '@babel/helper-string-parser': [ '7.27.1' ],
109 silly audit   '@babel/helper-validator-identifier': [ '7.28.5' ],
109 silly audit   '@babel/helper-validator-option': [ '7.27.1' ],
109 silly audit   '@babel/helpers': [ '7.28.6' ],
109 silly audit   '@babel/parser': [ '7.29.0' ],
109 silly audit   '@babel/runtime': [ '7.29.2' ],
109 silly audit   '@babel/template': [ '7.28.6' ],
109 silly audit   '@babel/traverse': [ '7.29.0' ],
109 silly audit   '@babel/types': [ '7.29.0' ],
109 silly audit   '@emnapi/core': [ '1.8.1' ],
109 silly audit   '@emnapi/runtime': [ '1.8.1' ],
109 silly audit   '@emnapi/wasi-threads': [ '1.1.0' ],
109 silly audit   '@eslint-community/eslint-utils': [ '4.9.1' ],
109 silly audit   'eslint-visitor-keys': [ '3.4.3', '5.0.1', '4.2.1' ],
109 silly audit   '@eslint-community/regexpp': [ '4.12.2' ],
109 silly audit   '@eslint/config-array': [ '0.21.1' ],
109 silly audit   '@eslint/config-helpers': [ '0.4.2' ],
109 silly audit   '@eslint/core': [ '0.17.0' ],
109 silly audit   '@eslint/eslintrc': [ '3.3.3' ],
109 silly audit   '@eslint/js': [ '9.39.3' ],
109 silly audit   '@eslint/object-schema': [ '2.1.7' ],
109 silly audit   '@eslint/plugin-kit': [ '0.4.1' ],
109 silly audit   '@floating-ui/core': [ '1.7.4' ],
109 silly audit   '@floating-ui/dom': [ '1.7.5' ],
109 silly audit   '@floating-ui/react-dom': [ '2.1.7' ],
109 silly audit   '@floating-ui/utils': [ '0.2.10' ],
109 silly audit   '@humanfs/core': [ '0.19.1' ],
109 silly audit   '@humanfs/node': [ '0.16.7' ],
109 silly audit   '@humanwhocodes/module-importer': [ '1.0.1' ],
109 silly audit   '@humanwhocodes/retry': [ '0.4.3' ],
109 silly audit   '@img/colour': [ '1.0.0' ],
109 silly audit   '@img/sharp-darwin-arm64': [ '0.34.5' ],
109 silly audit   '@img/sharp-darwin-x64': [ '0.34.5' ],
109 silly audit   '@img/sharp-libvips-darwin-arm64': [ '1.2.4' ],
109 silly audit   '@img/sharp-libvips-darwin-x64': [ '1.2.4' ],
109 silly audit   '@img/sharp-libvips-linux-arm': [ '1.2.4' ],
109 silly audit   '@img/sharp-libvips-linux-arm64': [ '1.2.4' ],
109 silly audit   '@img/sharp-libvips-linux-ppc64': [ '1.2.4' ],
109 silly audit   '@img/sharp-libvips-linux-riscv64': [ '1.2.4' ],
109 silly audit   '@img/sharp-libvips-linux-s390x': [ '1.2.4' ],
109 silly audit   '@img/sharp-libvips-linux-x64': [ '1.2.4' ],
109 silly audit   '@img/sharp-libvips-linuxmusl-arm64': [ '1.2.4' ],
109 silly audit   '@img/sharp-libvips-linuxmusl-x64': [ '1.2.4' ],
109 silly audit   '@img/sharp-linux-arm': [ '0.34.5' ],
109 silly audit   '@img/sharp-linux-arm64': [ '0.34.5' ],
109 silly audit   '@img/sharp-linux-ppc64': [ '0.34.5' ],
109 silly audit   '@img/sharp-linux-riscv64': [ '0.34.5' ],
109 silly audit   '@img/sharp-linux-s390x': [ '0.34.5' ],
109 silly audit   '@img/sharp-linux-x64': [ '0.34.5' ],
109 silly audit   '@img/sharp-linuxmusl-arm64': [ '0.34.5' ],
109 silly audit   '@img/sharp-linuxmusl-x64': [ '0.34.5' ],
109 silly audit   '@img/sharp-wasm32': [ '0.34.5' ],
109 silly audit   '@img/sharp-win32-arm64': [ '0.34.5' ],
109 silly audit   '@img/sharp-win32-ia32': [ '0.34.5' ],
109 silly audit   '@img/sharp-win32-x64': [ '0.34.5' ],
109 silly audit   '@jridgewell/gen-mapping': [ '0.3.13' ],
109 silly audit   '@jridgewell/remapping': [ '2.3.5' ],
109 silly audit   '@jridgewell/resolve-uri': [ '3.1.2' ],
109 silly audit   '@jridgewell/sourcemap-codec': [ '1.5.5' ],
109 silly audit   '@jridgewell/trace-mapping': [ '0.3.31' ],
109 silly audit   '@napi-rs/wasm-runtime': [ '0.2.12' ],
109 silly audit   '@next/env': [ '16.1.6' ],
109 silly audit   '@next/eslint-plugin-next': [ '16.1.6' ],
109 silly audit   '@next/swc-darwin-arm64': [ '16.1.6' ],
109 silly audit   '@next/swc-darwin-x64': [ '16.1.6' ],
109 silly audit   '@next/swc-linux-arm64-gnu': [ '16.1.6' ],
109 silly audit   '@next/swc-linux-arm64-musl': [ '16.1.6' ],
109 silly audit   '@next/swc-linux-x64-gnu': [ '16.1.6' ],
109 silly audit   '@next/swc-linux-x64-musl': [ '16.1.6' ],
109 silly audit   '@next/swc-win32-arm64-msvc': [ '16.1.6' ],
109 silly audit   '@next/swc-win32-x64-msvc': [ '16.1.6' ],
109 silly audit   '@nodelib/fs.scandir': [ '2.1.5' ],
109 silly audit   '@nodelib/fs.stat': [ '2.0.5' ],
109 silly audit   '@nodelib/fs.walk': [ '1.2.8' ],
109 silly audit   '@nolyfill/is-core-module': [ '1.0.39' ],
109 silly audit   '@radix-ui/primitive': [ '1.1.3' ],
109 silly audit   '@radix-ui/react-arrow': [ '1.1.7' ],
109 silly audit   '@radix-ui/react-collection': [ '1.1.7' ],
109 silly audit   '@radix-ui/react-slot': [ '1.2.3', '1.2.4' ],
109 silly audit   '@radix-ui/react-compose-refs': [ '1.1.2' ],
109 silly audit   '@radix-ui/react-context': [ '1.1.2' ],
109 silly audit   '@radix-ui/react-dialog': [ '1.1.15' ],
109 silly audit   '@radix-ui/react-direction': [ '1.1.1' ],
109 silly audit   '@radix-ui/react-dismissable-layer': [ '1.1.11' ],
109 silly audit   '@radix-ui/react-dropdown-menu': [ '2.1.16' ],
109 silly audit   '@radix-ui/react-focus-guards': [ '1.1.3' ],
109 silly audit   '@radix-ui/react-focus-scope': [ '1.1.7' ],
109 silly audit   '@radix-ui/react-id': [ '1.1.1' ],
109 silly audit   '@radix-ui/react-menu': [ '2.1.16' ],
109 silly audit   '@radix-ui/react-popper': [ '1.2.8' ],
109 silly audit   '@radix-ui/react-portal': [ '1.1.9' ],
109 silly audit   '@radix-ui/react-presence': [ '1.1.5' ],
109 silly audit   '@radix-ui/react-primitive': [ '2.1.3' ],
109 silly audit   '@radix-ui/react-roving-focus': [ '1.1.11' ],
109 silly audit   '@radix-ui/react-tabs': [ '1.1.13' ],
109 silly audit   '@radix-ui/react-use-callback-ref': [ '1.1.1' ],
109 silly audit   '@radix-ui/react-use-controllable-state': [ '1.2.2' ],
109 silly audit   '@radix-ui/react-use-effect-event': [ '0.0.2' ],
109 silly audit   '@radix-ui/react-use-escape-keydown': [ '1.1.1' ],
109 silly audit   '@radix-ui/react-use-layout-effect': [ '1.1.1' ],
109 silly audit   '@radix-ui/react-use-rect': [ '1.1.1' ],
109 silly audit   '@radix-ui/react-use-size': [ '1.1.1' ],
109 silly audit   '@radix-ui/rect': [ '1.1.1' ],
109 silly audit   '@rtsao/scc': [ '1.1.0' ],
109 silly audit   '@supabase/auth-js': [ '2.97.0' ],
109 silly audit   '@supabase/functions-js': [ '2.97.0' ],
109 silly audit   '@supabase/postgrest-js': [ '2.97.0' ],
109 silly audit   '@supabase/realtime-js': [ '2.97.0' ],
109 silly audit   '@supabase/ssr': [ '0.8.0' ],
109 silly audit   '@supabase/storage-js': [ '2.97.0' ],
109 silly audit   '@supabase/supabase-js': [ '2.97.0' ],
109 silly audit   '@swc/helpers': [ '0.5.15' ],
109 silly audit   '@tailwindcss/node': [ '4.2.0' ],
109 silly audit   '@tailwindcss/oxide': [ '4.2.0' ],
109 silly audit   '@tailwindcss/oxide-android-arm64': [ '4.2.0' ],
109 silly audit   '@tailwindcss/oxide-darwin-arm64': [ '4.2.0' ],
109 silly audit   '@tailwindcss/oxide-darwin-x64': [ '4.2.0' ],
109 silly audit   '@tailwindcss/oxide-freebsd-x64': [ '4.2.0' ],
109 silly audit   '@tailwindcss/oxide-linux-arm-gnueabihf': [ '4.2.0' ],
109 silly audit   '@tailwindcss/oxide-linux-arm64-gnu': [ '4.2.0' ],
109 silly audit   '@tailwindcss/oxide-linux-arm64-musl': [ '4.2.0' ],
109 silly audit   '@tailwindcss/oxide-linux-x64-gnu': [ '4.2.0' ],
109 silly audit   '@tailwindcss/oxide-linux-x64-musl': [ '4.2.0' ],
109 silly audit   '@tailwindcss/oxide-win32-arm64-msvc': [ '4.2.0' ],
109 silly audit   '@tailwindcss/oxide-win32-x64-msvc': [ '4.2.0' ],
109 silly audit   '@tailwindcss/postcss': [ '4.2.0' ],
109 silly audit   '@tybys/wasm-util': [ '0.10.1' ],
109 silly audit   '@types/estree': [ '1.0.8' ],
109 silly audit   '@types/json-schema': [ '7.0.15' ],
109 silly audit   '@types/json5': [ '0.0.29' ],
109 silly audit   '@types/node': [ '20.19.33' ],
109 silly audit   '@types/pako': [ '2.0.4' ],
109 silly audit   '@types/phoenix': [ '1.6.7' ],
109 silly audit   '@types/raf': [ '3.4.3' ],
109 silly audit   '@types/react': [ '19.2.14' ],
109 silly audit   '@types/react-dom': [ '19.2.3' ],
109 silly audit   '@types/trusted-types': [ '2.0.7' ],
109 silly audit   '@types/ws': [ '8.18.1' ],
109 silly audit   '@typescript-eslint/eslint-plugin': [ '8.56.0' ],
109 silly audit   ignore: [ '7.0.5', '5.3.2' ],
109 silly audit   '@typescript-eslint/parser': [ '8.56.0' ],
109 silly audit   '@typescript-eslint/project-service': [ '8.56.0' ],
109 silly audit   '@typescript-eslint/scope-manager': [ '8.56.0' ],
109 silly audit   '@typescript-eslint/tsconfig-utils': [ '8.56.0' ],
109 silly audit   '@typescript-eslint/type-utils': [ '8.56.0' ],
109 silly audit   '@typescript-eslint/types': [ '8.56.0' ],
109 silly audit   '@typescript-eslint/typescript-estree': [ '8.56.0' ],
109 silly audit   'balanced-match': [ '4.0.4', '1.0.2' ],
109 silly audit   'brace-expansion': [ '5.0.3', '1.1.12' ],
109 silly audit   minimatch: [ '9.0.6', '3.1.3' ],
109 silly audit   semver: [ '7.7.4', '6.3.1' ],
109 silly audit   '@typescript-eslint/utils': [ '8.56.0' ],
109 silly audit   '@typescript-eslint/visitor-keys': [ '8.56.0' ],
109 silly audit   '@unrs/resolver-binding-android-arm-eabi': [ '1.11.1' ],
109 silly audit   '@unrs/resolver-binding-android-arm64': [ '1.11.1' ],
109 silly audit   '@unrs/resolver-binding-darwin-arm64': [ '1.11.1' ],
109 silly audit   '@unrs/resolver-binding-darwin-x64': [ '1.11.1' ],
109 silly audit   '@unrs/resolver-binding-freebsd-x64': [ '1.11.1' ],
109 silly audit   '@unrs/resolver-binding-linux-arm-gnueabihf': [ '1.11.1' ],
109 silly audit   '@unrs/resolver-binding-linux-arm-musleabihf': [ '1.11.1' ],
109 silly audit   '@unrs/resolver-binding-linux-arm64-gnu': [ '1.11.1' ],
109 silly audit   '@unrs/resolver-binding-linux-arm64-musl': [ '1.11.1' ],
109 silly audit   '@unrs/resolver-binding-linux-ppc64-gnu': [ '1.11.1' ],
109 silly audit   '@unrs/resolver-binding-linux-riscv64-gnu': [ '1.11.1' ],
109 silly audit   '@unrs/resolver-binding-linux-riscv64-musl': [ '1.11.1' ],
109 silly audit   '@unrs/resolver-binding-linux-s390x-gnu': [ '1.11.1' ],
109 silly audit   '@unrs/resolver-binding-linux-x64-gnu': [ '1.11.1' ],
109 silly audit   '@unrs/resolver-binding-linux-x64-musl': [ '1.11.1' ],
109 silly audit   '@unrs/resolver-binding-wasm32-wasi': [ '1.11.1' ],
109 silly audit   '@unrs/resolver-binding-win32-arm64-msvc': [ '1.11.1' ],
109 silly audit   '@unrs/resolver-binding-win32-ia32-msvc': [ '1.11.1' ],
109 silly audit   '@unrs/resolver-binding-win32-x64-msvc': [ '1.11.1' ],
109 silly audit   acorn: [ '8.16.0' ],
109 silly audit   'acorn-jsx': [ '5.3.2' ],
109 silly audit   ajv: [ '6.14.0' ],
109 silly audit   'ansi-styles': [ '4.3.0' ],
109 silly audit   argparse: [ '2.0.1' ],
109 silly audit   'aria-hidden': [ '1.2.6' ],
109 silly audit   'aria-query': [ '5.3.2' ],
109 silly audit   'array-buffer-byte-length': [ '1.0.2' ],
109 silly audit   'array-includes': [ '3.1.9' ],
109 silly audit   'array.prototype.findlast': [ '1.2.5' ],
109 silly audit   'array.prototype.findlastindex': [ '1.2.6' ],
109 silly audit   'array.prototype.flat': [ '1.3.3' ],
109 silly audit   'array.prototype.flatmap': [ '1.3.3' ],
109 silly audit   'array.prototype.tosorted': [ '1.1.4' ],
109 silly audit   'arraybuffer.prototype.slice': [ '1.0.4' ],
109 silly audit   'ast-types-flow': [ '0.0.8' ],
109 silly audit   'async-function': [ '1.0.0' ],
109 silly audit   'available-typed-arrays': [ '1.0.7' ],
109 silly audit   'axe-core': [ '4.11.1' ],
109 silly audit   'axobject-query': [ '4.1.0' ],
109 silly audit   'base64-arraybuffer': [ '1.0.2' ],
109 silly audit   'baseline-browser-mapping': [ '2.10.0' ],
109 silly audit   braces: [ '3.0.3' ],
109 silly audit   browserslist: [ '4.28.1' ],
109 silly audit   'call-bind': [ '1.0.8' ],
109 silly audit   'call-bind-apply-helpers': [ '1.0.2' ],
109 silly audit   'call-bound': [ '1.0.4' ],
109 silly audit   callsites: [ '3.1.0' ],
109 silly audit   'caniuse-lite': [ '1.0.30001772' ],
109 silly audit   canvg: [ '3.0.11' ],
109 silly audit   chalk: [ '4.1.2' ],
109 silly audit   'class-variance-authority': [ '0.7.1' ],
109 silly audit   'client-only': [ '0.0.1' ],
109 silly audit   clsx: [ '2.1.1' ],
109 silly audit   'color-convert': [ '2.0.1' ],
109 silly audit   'color-name': [ '1.1.4' ],
109 silly audit   'concat-map': [ '0.0.1' ],
109 silly audit   'convert-source-map': [ '2.0.0' ],
109 silly audit   cookie: [ '1.1.1' ],
109 silly audit   'core-js': [ '3.49.0' ],
109 silly audit   'cross-spawn': [ '7.0.6' ],
109 silly audit   'css-line-break': [ '2.1.0' ],
109 silly audit   csstype: [ '3.2.3' ],
109 silly audit   'damerau-levenshtein': [ '1.0.8' ],
109 silly audit   'data-view-buffer': [ '1.0.2' ],
109 silly audit   'data-view-byte-length': [ '1.0.2' ],
109 silly audit   'data-view-byte-offset': [ '1.0.1' ],
109 silly audit   debug: [ '4.4.3', '3.2.7' ],
109 silly audit   'deep-is': [ '0.1.4' ],
109 silly audit   'define-data-property': [ '1.1.4' ],
109 silly audit   'define-properties': [ '1.2.1' ],
109 silly audit   'detect-libc': [ '2.1.2' ],
109 silly audit   'detect-node-es': [ '1.1.0' ],
109 silly audit   doctrine: [ '2.1.0' ],
109 silly audit   dompurify: [ '3.4.2' ],
109 silly audit   'dunder-proto': [ '1.0.1' ],
109 silly audit   'electron-to-chromium': [ '1.5.302' ],
109 silly audit   'emoji-regex': [ '9.2.2' ],
109 silly audit   'enhanced-resolve': [ '5.19.0' ],
109 silly audit   'es-abstract': [ '1.24.1' ],
109 silly audit   'es-define-property': [ '1.0.1' ],
109 silly audit   'es-errors': [ '1.3.0' ],
109 silly audit   'es-iterator-helpers': [ '1.2.2' ],
109 silly audit   'es-object-atoms': [ '1.1.1' ],
109 silly audit   'es-set-tostringtag': [ '2.1.0' ],
109 silly audit   'es-shim-unscopables': [ '1.1.0' ],
109 silly audit   'es-to-primitive': [ '1.3.0' ],
109 silly audit   escalade: [ '3.2.0' ],
109 silly audit   'escape-string-regexp': [ '4.0.0' ],
109 silly audit   eslint: [ '9.39.3' ],
109 silly audit   'eslint-config-next': [ '16.1.6' ],
109 silly audit   globals: [ '16.4.0', '14.0.0' ],
109 silly audit   'eslint-import-resolver-node': [ '0.3.9' ],
109 silly audit   'eslint-import-resolver-typescript': [ '3.10.1' ],
109 silly audit   'eslint-module-utils': [ '2.12.1' ],
109 silly audit   'eslint-plugin-import': [ '2.32.0' ],
109 silly audit   'eslint-plugin-jsx-a11y': [ '6.10.2' ],
109 silly audit   'eslint-plugin-react': [ '7.37.5' ],
109 silly audit   'eslint-plugin-react-hooks': [ '7.0.1' ],
109 silly audit   resolve: [ '2.0.0-next.6', '1.22.11' ],
109 silly audit   'eslint-scope': [ '8.4.0' ],
109 silly audit   espree: [ '10.4.0' ],
109 silly audit   esquery: [ '1.7.0' ],
109 silly audit   esrecurse: [ '4.3.0' ],
109 silly audit   estraverse: [ '5.3.0' ],
109 silly audit   esutils: [ '2.0.3' ],
109 silly audit   'fast-deep-equal': [ '3.1.3' ],
109 silly audit   'fast-glob': [ '3.3.1' ],
109 silly audit   'glob-parent': [ '5.1.2', '6.0.2' ],
109 silly audit   'fast-json-stable-stringify': [ '2.1.0' ],
109 silly audit   'fast-levenshtein': [ '2.0.6' ],
109 silly audit   'fast-png': [ '6.4.0' ],
109 silly audit   fastq: [ '1.20.1' ],
109 silly audit   fflate: [ '0.8.2' ],
109 silly audit   'file-entry-cache': [ '8.0.0' ],
109 silly audit   'fill-range': [ '7.1.1' ],
109 silly audit   'find-up': [ '5.0.0' ],
109 silly audit   'flat-cache': [ '4.0.1' ],
109 silly audit   flatted: [ '3.3.3' ],
109 silly audit   'for-each': [ '0.3.5' ],
109 silly audit   'function-bind': [ '1.1.2' ],
109 silly audit   'function.prototype.name': [ '1.1.8' ],
109 silly audit   'functions-have-names': [ '1.2.3' ],
109 silly audit   'generator-function': [ '2.0.1' ],
109 silly audit   gensync: [ '1.0.0-beta.2' ],
109 silly audit   'get-intrinsic': [ '1.3.0' ],
109 silly audit   'get-nonce': [ '1.0.1' ],
109 silly audit   'get-proto': [ '1.0.1' ],
109 silly audit   'get-symbol-description': [ '1.1.0' ],
109 silly audit   'get-tsconfig': [ '4.13.6' ],
109 silly audit   globalthis: [ '1.0.4' ],
109 silly audit   gopd: [ '1.2.0' ],
109 silly audit   'graceful-fs': [ '4.2.11' ],
109 silly audit   'has-bigints': [ '1.1.0' ],
109 silly audit   'has-flag': [ '4.0.0' ],
109 silly audit   'has-property-descriptors': [ '1.0.2' ],
109 silly audit   'has-proto': [ '1.2.0' ],
109 silly audit   'has-symbols': [ '1.1.0' ],
109 silly audit   'has-tostringtag': [ '1.0.2' ],
109 silly audit   hasown: [ '2.0.2' ],
109 silly audit   'hermes-estree': [ '0.25.1' ],
109 silly audit   'hermes-parser': [ '0.25.1' ],
109 silly audit   'html-to-image': [ '1.11.13' ],
109 silly audit   html2canvas: [ '1.4.1' ],
109 silly audit   'iceberg-js': [ '0.8.1' ],
109 silly audit   'import-fresh': [ '3.3.1' ],
109 silly audit   imurmurhash: [ '0.1.4' ],
109 silly audit   'internal-slot': [ '1.1.0' ],
109 silly audit   iobuffer: [ '5.4.0' ],
109 silly audit   'is-array-buffer': [ '3.0.5' ],
109 silly audit   'is-async-function': [ '2.1.1' ],
109 silly audit   'is-bigint': [ '1.1.0' ],
109 silly audit   'is-boolean-object': [ '1.2.2' ],
109 silly audit   'is-bun-module': [ '2.0.0' ],
109 silly audit   'is-callable': [ '1.2.7' ],
109 silly audit   'is-core-module': [ '2.16.1' ],
109 silly audit   'is-data-view': [ '1.0.2' ],
109 silly audit   'is-date-object': [ '1.1.0' ],
109 silly audit   'is-extglob': [ '2.1.1' ],
109 silly audit   'is-finalizationregistry': [ '1.1.1' ],
109 silly audit   'is-generator-function': [ '1.1.2' ],
109 silly audit   'is-glob': [ '4.0.3' ],
109 silly audit   'is-map': [ '2.0.3' ],
109 silly audit   'is-negative-zero': [ '2.0.3' ],
109 silly audit   'is-number': [ '7.0.0' ],
109 silly audit   'is-number-object': [ '1.1.1' ],
109 silly audit   'is-regex': [ '1.2.1' ],
109 silly audit   'is-set': [ '2.0.3' ],
109 silly audit   'is-shared-array-buffer': [ '1.0.4' ],
109 silly audit   'is-string': [ '1.1.1' ],
109 silly audit   'is-symbol': [ '1.1.1' ],
109 silly audit   'is-typed-array': [ '1.1.15' ],
109 silly audit   'is-weakmap': [ '2.0.2' ],
109 silly audit   'is-weakref': [ '1.1.1' ],
109 silly audit   'is-weakset': [ '2.0.4' ],
109 silly audit   isarray: [ '2.0.5' ],
109 silly audit   isexe: [ '2.0.0' ],
109 silly audit   'iterator.prototype': [ '1.1.5' ],
109 silly audit   jiti: [ '2.6.1' ],
109 silly audit   'js-tokens': [ '4.0.0' ],
109 silly audit   'js-yaml': [ '4.1.1' ],
109 silly audit   jsesc: [ '3.1.0' ],
109 silly audit   'json-buffer': [ '3.0.1' ],
109 silly audit   'json-schema-traverse': [ '0.4.1' ],
109 silly audit   'json-stable-stringify-without-jsonify': [ '1.0.1' ],
109 silly audit   json5: [ '2.2.3', '1.0.2' ],
109 silly audit   jspdf: [ '4.2.1' ],
109 silly audit   'jsx-ast-utils': [ '3.3.5' ],
109 silly audit   keyv: [ '4.5.4' ],
109 silly audit   'language-subtag-registry': [ '0.3.23' ],
109 silly audit   'language-tags': [ '1.0.9' ],
109 silly audit   levn: [ '0.4.1' ],
109 silly audit   lightningcss: [ '1.31.1' ],
109 silly audit   'lightningcss-android-arm64': [ '1.31.1' ],
109 silly audit   'lightningcss-darwin-arm64': [ '1.31.1' ],
109 silly audit   'lightningcss-darwin-x64': [ '1.31.1' ],
109 silly audit   'lightningcss-freebsd-x64': [ '1.31.1' ],
109 silly audit   'lightningcss-linux-arm-gnueabihf': [ '1.31.1' ],
109 silly audit   'lightningcss-linux-arm64-gnu': [ '1.31.1' ],
109 silly audit   'lightningcss-linux-arm64-musl': [ '1.31.1' ],
109 silly audit   'lightningcss-linux-x64-gnu': [ '1.31.1' ],
109 silly audit   'lightningcss-linux-x64-musl': [ '1.31.1' ],
109 silly audit   'lightningcss-win32-arm64-msvc': [ '1.31.1' ],
109 silly audit   'lightningcss-win32-x64-msvc': [ '1.31.1' ],
109 silly audit   'locate-path': [ '6.0.0' ],
109 silly audit   'lodash.merge': [ '4.6.2' ],
109 silly audit   'loose-envify': [ '1.4.0' ],
109 silly audit   'lru-cache': [ '5.1.1' ],
109 silly audit   'lucide-react': [ '0.541.0' ],
109 silly audit   'magic-string': [ '0.30.21' ],
109 silly audit   'math-intrinsics': [ '1.1.0' ],
109 silly audit   merge2: [ '1.4.1' ],
109 silly audit   micromatch: [ '4.0.8' ],
109 silly audit   minimist: [ '1.2.8' ],
109 silly audit   ms: [ '2.1.3' ],
109 silly audit   nanoid: [ '3.3.11' ],
109 silly audit   'napi-postinstall': [ '0.3.4' ],
109 silly audit   'natural-compare': [ '1.4.0' ],
109 silly audit   next: [ '16.1.6' ],
109 silly audit   'next-themes': [ '0.4.6' ],
109 silly audit   postcss: [ '8.4.31', '8.5.6' ],
109 silly audit   'node-exports-info': [ '1.6.0' ],
109 silly audit   'node-releases': [ '2.0.27' ],
109 silly audit   'object-assign': [ '4.1.1' ],
109 silly audit   'object-inspect': [ '1.13.4' ],
109 silly audit   'object-keys': [ '1.1.1' ],
109 silly audit   'object.assign': [ '4.1.7' ],
109 silly audit   'object.entries': [ '1.1.9' ],
109 silly audit   'object.fromentries': [ '2.0.8' ],
109 silly audit   'object.groupby': [ '1.0.3' ],
109 silly audit   'object.values': [ '1.2.1' ],
109 silly audit   optionator: [ '0.9.4' ],
109 silly audit   'own-keys': [ '1.0.1' ],
109 silly audit   'p-limit': [ '3.1.0' ],
109 silly audit   'p-locate': [ '5.0.0' ],
109 silly audit   pako: [ '2.1.0' ],
109 silly audit   'parent-module': [ '1.0.1' ],
109 silly audit   'path-exists': [ '4.0.0' ],
109 silly audit   'path-key': [ '3.1.1' ],
109 silly audit   'path-parse': [ '1.0.7' ],
109 silly audit   'performance-now': [ '2.1.0' ],
109 silly audit   picocolors: [ '1.1.1' ],
109 silly audit   picomatch: [ '2.3.1', '4.0.3' ],
109 silly audit   'possible-typed-array-names': [ '1.1.0' ],
109 silly audit   'prelude-ls': [ '1.2.1' ],
109 silly audit   'prop-types': [ '15.8.1' ],
109 silly audit   punycode: [ '2.3.1' ],
109 silly audit   'queue-microtask': [ '1.2.3' ],
109 silly audit   raf: [ '3.4.1' ],
109 silly audit   react: [ '19.2.3' ],
109 silly audit   'react-dom': [ '19.2.3' ],
109 silly audit   'react-is': [ '16.13.1' ],
109 silly audit   'react-remove-scroll': [ '2.7.2' ],
109 silly audit   'react-remove-scroll-bar': [ '2.3.8' ],
109 silly audit   'react-style-singleton': [ '2.2.3' ],
109 silly audit   'reflect.getprototypeof': [ '1.0.10' ],
109 silly audit   'regenerator-runtime': [ '0.13.11' ],
109 silly audit   'regexp.prototype.flags': [ '1.5.4' ],
109 silly audit   'resolve-from': [ '4.0.0' ],
109 silly audit   'resolve-pkg-maps': [ '1.0.0' ],
109 silly audit   reusify: [ '1.1.0' ],
109 silly audit   rgbcolor: [ '1.0.1' ],
109 silly audit   'run-parallel': [ '1.2.0' ],
109 silly audit   'safe-array-concat': [ '1.1.3' ],
109 silly audit   'safe-push-apply': [ '1.0.0' ],
109 silly audit   'safe-regex-test': [ '1.1.0' ],
109 silly audit   scheduler: [ '0.27.0' ],
109 silly audit   'set-function-length': [ '1.2.2' ],
109 silly audit   'set-function-name': [ '2.0.2' ],
109 silly audit   'set-proto': [ '1.0.0' ],
109 silly audit   sharp: [ '0.34.5' ],
109 silly audit   'shebang-command': [ '2.0.0' ],
109 silly audit   'shebang-regex': [ '3.0.0' ],
109 silly audit   'side-channel': [ '1.1.0' ],
109 silly audit   'side-channel-list': [ '1.0.0' ],
109 silly audit   'side-channel-map': [ '1.0.1' ],
109 silly audit   'side-channel-weakmap': [ '1.0.2' ],
109 silly audit   sonner: [ '2.0.7' ],
109 silly audit   'source-map-js': [ '1.2.1' ],
109 silly audit   'stable-hash': [ '0.0.5' ],
109 silly audit   'stackblur-canvas': [ '2.7.0' ],
109 silly audit   'stop-iteration-iterator': [ '1.1.0' ],
109 silly audit   'string.prototype.includes': [ '2.0.1' ],
109 silly audit   'string.prototype.matchall': [ '4.0.12' ],
109 silly audit   'string.prototype.repeat': [ '1.0.0' ],
109 silly audit   'string.prototype.trim': [ '1.2.10' ],
109 silly audit   'string.prototype.trimend': [ '1.0.9' ],
109 silly audit   'string.prototype.trimstart': [ '1.0.8' ],
109 silly audit   'strip-bom': [ '3.0.0' ],
109 silly audit   'strip-json-comments': [ '3.1.1' ],
109 silly audit   'styled-jsx': [ '5.1.6' ],
109 silly audit   'supports-color': [ '7.2.0' ],
109 silly audit   'supports-preserve-symlinks-flag': [ '1.0.0' ],
109 silly audit   'svg-pathdata': [ '6.0.3' ],
109 silly audit   'tailwind-merge': [ '3.5.0' ],
109 silly audit   tailwindcss: [ '4.2.0' ],
109 silly audit   'tailwindcss-animate': [ '1.0.7' ],
109 silly audit   tapable: [ '2.3.0' ],
109 silly audit   'text-segmentation': [ '1.0.3' ],
109 silly audit   tinyglobby: [ '0.2.15' ],
109 silly audit   fdir: [ '6.5.0' ],
109 silly audit   'to-regex-range': [ '5.0.1' ],
109 silly audit   'ts-api-utils': [ '2.4.0' ],
109 silly audit   'tsconfig-paths': [ '3.15.0' ],
109 silly audit   tslib: [ '2.8.1' ],
109 silly audit   'type-check': [ '0.4.0' ],
109 silly audit   'typed-array-buffer': [ '1.0.3' ],
109 silly audit   'typed-array-byte-length': [ '1.0.3' ],
109 silly audit   'typed-array-byte-offset': [ '1.0.4' ],
109 silly audit   'typed-array-length': [ '1.0.7' ],
109 silly audit   typescript: [ '5.9.3' ],
109 silly audit   'typescript-eslint': [ '8.56.0' ],
109 silly audit   'unbox-primitive': [ '1.1.0' ],
109 silly audit   'undici-types': [ '6.21.0' ],
109 silly audit   'unrs-resolver': [ '1.11.1' ],
109 silly audit   'update-browserslist-db': [ '1.2.3' ],
109 silly audit   'uri-js': [ '4.4.1' ],
109 silly audit   'use-callback-ref': [ '1.3.3' ],
109 silly audit   'use-sidecar': [ '1.1.3' ],
109 silly audit   utrie: [ '1.0.2' ],
109 silly audit   which: [ '2.0.2' ],
109 silly audit   'which-boxed-primitive': [ '1.1.1' ],
109 silly audit   'which-builtin-type': [ '1.2.1' ],
109 silly audit   'which-collection': [ '1.0.2' ],
109 silly audit   'which-typed-array': [ '1.1.20' ],
109 silly audit   'word-wrap': [ '1.2.5' ],
109 silly audit   ws: [ '8.19.0' ],
109 silly audit   yallist: [ '3.1.1' ],
109 silly audit   'yocto-queue': [ '0.1.0' ],
109 silly audit   zod: [ '4.3.6' ],
109 silly audit   'zod-validation-error': [ '4.0.2' ],
109 silly audit   '@tailwindcss/oxide-wasm32-wasi': [ '4.2.0' ]
109 silly audit }
110 verbose reify failed optional dependency C:\Users\User\Desktop\BizManager\bizmanager\node_modules\@unrs\resolver-binding-win32-ia32-msvc
111 silly reify mark deleted [
111 silly reify   'C:\\Users\\User\\Desktop\\BizManager\\bizmanager\\node_modules\\@unrs\\resolver-binding-win32-ia32-msvc'
111 silly reify ]
112 verbose reify failed optional dependency C:\Users\User\Desktop\BizManager\bizmanager\node_modules\@unrs\resolver-binding-win32-arm64-msvc
113 silly reify mark deleted [
113 silly reify   'C:\\Users\\User\\Desktop\\BizManager\\bizmanager\\node_modules\\@unrs\\resolver-binding-win32-arm64-msvc'
113 silly reify ]
114 verbose reify failed optional dependency C:\Users\User\Desktop\BizManager\bizmanager\node_modules\@unrs\resolver-binding-linux-s390x-gnu
115 silly reify mark deleted [
115 silly reify   'C:\\Users\\User\\Desktop\\BizManager\\bizmanager\\node_modules\\@unrs\\resolver-binding-linux-s390x-gnu'
115 silly reify ]
116 verbose reify failed optional dependency C:\Users\User\Desktop\BizManager\bizmanager\node_modules\@unrs\resolver-binding-wasm32-wasi
117 silly reify mark deleted [
117 silly reify   'C:\\Users\\User\\Desktop\\BizManager\\bizmanager\\node_modules\\@unrs\\resolver-binding-wasm32-wasi'
117 silly reify ]
118 verbose reify failed optional dependency C:\Users\User\Desktop\BizManager\bizmanager\node_modules\@unrs\resolver-binding-linux-x64-musl
119 silly reify mark deleted [
119 silly reify   'C:\\Users\\User\\Desktop\\BizManager\\bizmanager\\node_modules\\@unrs\\resolver-binding-linux-x64-musl'
119 silly reify ]
120 verbose reify failed optional dependency C:\Users\User\Desktop\BizManager\bizmanager\node_modules\@unrs\resolver-binding-linux-x64-gnu
121 silly reify mark deleted [
121 silly reify   'C:\\Users\\User\\Desktop\\BizManager\\bizmanager\\node_modules\\@unrs\\resolver-binding-linux-x64-gnu'
121 silly reify ]
122 verbose reify failed optional dependency C:\Users\User\Desktop\BizManager\bizmanager\node_modules\@unrs\resolver-binding-linux-riscv64-musl
123 silly reify mark deleted [
123 silly reify   'C:\\Users\\User\\Desktop\\BizManager\\bizmanager\\node_modules\\@unrs\\resolver-binding-linux-riscv64-musl'
123 silly reify ]
124 verbose reify failed optional dependency C:\Users\User\Desktop\BizManager\bizmanager\node_modules\@unrs\resolver-binding-linux-riscv64-gnu
125 silly reify mark deleted [
125 silly reify   'C:\\Users\\User\\Desktop\\BizManager\\bizmanager\\node_modules\\@unrs\\resolver-binding-linux-riscv64-gnu'
125 silly reify ]
126 verbose reify failed optional dependency C:\Users\User\Desktop\BizManager\bizmanager\node_modules\@unrs\resolver-binding-linux-ppc64-gnu
127 silly reify mark deleted [
127 silly reify   'C:\\Users\\User\\Desktop\\BizManager\\bizmanager\\node_modules\\@unrs\\resolver-binding-linux-ppc64-gnu'
127 silly reify ]
128 verbose reify failed optional dependency C:\Users\User\Desktop\BizManager\bizmanager\node_modules\@unrs\resolver-binding-linux-arm64-musl
129 silly reify mark deleted [
129 silly reify   'C:\\Users\\User\\Desktop\\BizManager\\bizmanager\\node_modules\\@unrs\\resolver-binding-linux-arm64-musl'
129 silly reify ]
130 verbose reify failed optional dependency C:\Users\User\Desktop\BizManager\bizmanager\node_modules\@unrs\resolver-binding-linux-arm64-gnu
131 silly reify mark deleted [
131 silly reify   'C:\\Users\\User\\Desktop\\BizManager\\bizmanager\\node_modules\\@unrs\\resolver-binding-linux-arm64-gnu'
131 silly reify ]
132 verbose reify failed optional dependency C:\Users\User\Desktop\BizManager\bizmanager\node_modules\@unrs\resolver-binding-linux-arm-musleabihf
133 silly reify mark deleted [
133 silly reify   'C:\\Users\\User\\Desktop\\BizManager\\bizmanager\\node_modules\\@unrs\\resolver-binding-linux-arm-musleabihf'
133 silly reify ]
134 verbose reify failed optional dependency C:\Users\User\Desktop\BizManager\bizmanager\node_modules\@unrs\resolver-binding-linux-arm-gnueabihf
135 silly reify mark deleted [
135 silly reify   'C:\\Users\\User\\Desktop\\BizManager\\bizmanager\\node_modules\\@unrs\\resolver-binding-linux-arm-gnueabihf'
135 silly reify ]
136 verbose reify failed optional dependency C:\Users\User\Desktop\BizManager\bizmanager\node_modules\@unrs\resolver-binding-freebsd-x64
137 silly reify mark deleted [
137 silly reify   'C:\\Users\\User\\Desktop\\BizManager\\bizmanager\\node_modules\\@unrs\\resolver-binding-freebsd-x64'
137 silly reify ]
138 verbose reify failed optional dependency C:\Users\User\Desktop\BizManager\bizmanager\node_modules\@unrs\resolver-binding-darwin-x64
139 silly reify mark deleted [
139 silly reify   'C:\\Users\\User\\Desktop\\BizManager\\bizmanager\\node_modules\\@unrs\\resolver-binding-darwin-x64'
139 silly reify ]
140 verbose reify failed optional dependency C:\Users\User\Desktop\BizManager\bizmanager\node_modules\@unrs\resolver-binding-darwin-arm64
141 silly reify mark deleted [
141 silly reify   'C:\\Users\\User\\Desktop\\BizManager\\bizmanager\\node_modules\\@unrs\\resolver-binding-darwin-arm64'
141 silly reify ]
142 verbose reify failed optional dependency C:\Users\User\Desktop\BizManager\bizmanager\node_modules\@unrs\resolver-binding-android-arm64
143 silly reify mark deleted [
143 silly reify   'C:\\Users\\User\\Desktop\\BizManager\\bizmanager\\node_modules\\@unrs\\resolver-binding-android-arm64'
143 silly reify ]
144 verbose reify failed optional dependency C:\Users\User\Desktop\BizManager\bizmanager\node_modules\@unrs\resolver-binding-android-arm-eabi
145 silly reify mark deleted [
145 silly reify   'C:\\Users\\User\\Desktop\\BizManager\\bizmanager\\node_modules\\@unrs\\resolver-binding-android-arm-eabi'
145 silly reify ]
146 verbose reify failed optional dependency C:\Users\User\Desktop\BizManager\bizmanager\node_modules\@tailwindcss\oxide-win32-arm64-msvc
147 silly reify mark deleted [
147 silly reify   'C:\\Users\\User\\Desktop\\BizManager\\bizmanager\\node_modules\\@tailwindcss\\oxide-win32-arm64-msvc'
147 silly reify ]
148 verbose reify failed optional dependency C:\Users\User\Desktop\BizManager\bizmanager\node_modules\@tailwindcss\oxide-linux-x64-musl
149 silly reify mark deleted [
149 silly reify   'C:\\Users\\User\\Desktop\\BizManager\\bizmanager\\node_modules\\@tailwindcss\\oxide-linux-x64-musl'
149 silly reify ]
150 verbose reify failed optional dependency C:\Users\User\Desktop\BizManager\bizmanager\node_modules\@tailwindcss\oxide-linux-x64-gnu
151 silly reify mark deleted [
151 silly reify   'C:\\Users\\User\\Desktop\\BizManager\\bizmanager\\node_modules\\@tailwindcss\\oxide-linux-x64-gnu'
151 silly reify ]
152 verbose reify failed optional dependency C:\Users\User\Desktop\BizManager\bizmanager\node_modules\@tailwindcss\oxide-linux-arm64-musl
153 silly reify mark deleted [
153 silly reify   'C:\\Users\\User\\Desktop\\BizManager\\bizmanager\\node_modules\\@tailwindcss\\oxide-linux-arm64-musl'
153 silly reify ]
154 verbose reify failed optional dependency C:\Users\User\Desktop\BizManager\bizmanager\node_modules\@tailwindcss\oxide-linux-arm64-gnu
155 silly reify mark deleted [
155 silly reify   'C:\\Users\\User\\Desktop\\BizManager\\bizmanager\\node_modules\\@tailwindcss\\oxide-linux-arm64-gnu'
155 silly reify ]
156 verbose reify failed optional dependency C:\Users\User\Desktop\BizManager\bizmanager\node_modules\@tailwindcss\oxide-linux-arm-gnueabihf
157 silly reify mark deleted [
157 silly reify   'C:\\Users\\User\\Desktop\\BizManager\\bizmanager\\node_modules\\@tailwindcss\\oxide-linux-arm-gnueabihf'
157 silly reify ]
158 verbose reify failed optional dependency C:\Users\User\Desktop\BizManager\bizmanager\node_modules\@tailwindcss\oxide-freebsd-x64
159 silly reify mark deleted [
159 silly reify   'C:\\Users\\User\\Desktop\\BizManager\\bizmanager\\node_modules\\@tailwindcss\\oxide-freebsd-x64'
159 silly reify ]
160 verbose reify failed optional dependency C:\Users\User\Desktop\BizManager\bizmanager\node_modules\@tailwindcss\oxide-darwin-x64
161 silly reify mark deleted [
161 silly reify   'C:\\Users\\User\\Desktop\\BizManager\\bizmanager\\node_modules\\@tailwindcss\\oxide-darwin-x64'
161 silly reify ]
162 verbose reify failed optional dependency C:\Users\User\Desktop\BizManager\bizmanager\node_modules\@tailwindcss\oxide-darwin-arm64
163 silly reify mark deleted [
163 silly reify   'C:\\Users\\User\\Desktop\\BizManager\\bizmanager\\node_modules\\@tailwindcss\\oxide-darwin-arm64'
163 silly reify ]
164 verbose reify failed optional dependency C:\Users\User\Desktop\BizManager\bizmanager\node_modules\@tailwindcss\oxide-android-arm64
165 silly reify mark deleted [
165 silly reify   'C:\\Users\\User\\Desktop\\BizManager\\bizmanager\\node_modules\\@tailwindcss\\oxide-android-arm64'
165 silly reify ]
166 verbose reify failed optional dependency C:\Users\User\Desktop\BizManager\bizmanager\node_modules\@next\swc-win32-arm64-msvc
167 silly reify mark deleted [
167 silly reify   'C:\\Users\\User\\Desktop\\BizManager\\bizmanager\\node_modules\\@next\\swc-win32-arm64-msvc'
167 silly reify ]
168 verbose reify failed optional dependency C:\Users\User\Desktop\BizManager\bizmanager\node_modules\@next\swc-linux-x64-musl
169 silly reify mark deleted [
169 silly reify   'C:\\Users\\User\\Desktop\\BizManager\\bizmanager\\node_modules\\@next\\swc-linux-x64-musl'
169 silly reify ]
170 verbose reify failed optional dependency C:\Users\User\Desktop\BizManager\bizmanager\node_modules\@next\swc-linux-x64-gnu
171 silly reify mark deleted [
171 silly reify   'C:\\Users\\User\\Desktop\\BizManager\\bizmanager\\node_modules\\@next\\swc-linux-x64-gnu'
171 silly reify ]
172 verbose reify failed optional dependency C:\Users\User\Desktop\BizManager\bizmanager\node_modules\@next\swc-linux-arm64-musl
173 silly reify mark deleted [
173 silly reify   'C:\\Users\\User\\Desktop\\BizManager\\bizmanager\\node_modules\\@next\\swc-linux-arm64-musl'
173 silly reify ]
174 verbose reify failed optional dependency C:\Users\User\Desktop\BizManager\bizmanager\node_modules\@next\swc-linux-arm64-gnu
175 silly reify mark deleted [
175 silly reify   'C:\\Users\\User\\Desktop\\BizManager\\bizmanager\\node_modules\\@next\\swc-linux-arm64-gnu'
175 silly reify ]
176 verbose reify failed optional dependency C:\Users\User\Desktop\BizManager\bizmanager\node_modules\@next\swc-darwin-x64
177 silly reify mark deleted [
177 silly reify   'C:\\Users\\User\\Desktop\\BizManager\\bizmanager\\node_modules\\@next\\swc-darwin-x64'
177 silly reify ]
178 verbose reify failed optional dependency C:\Users\User\Desktop\BizManager\bizmanager\node_modules\@next\swc-darwin-arm64
179 silly reify mark deleted [
179 silly reify   'C:\\Users\\User\\Desktop\\BizManager\\bizmanager\\node_modules\\@next\\swc-darwin-arm64'
179 silly reify ]
180 verbose reify failed optional dependency C:\Users\User\Desktop\BizManager\bizmanager\node_modules\@img\sharp-win32-ia32
181 silly reify mark deleted [
181 silly reify   'C:\\Users\\User\\Desktop\\BizManager\\bizmanager\\node_modules\\@img\\sharp-win32-ia32'
181 silly reify ]
182 verbose reify failed optional dependency C:\Users\User\Desktop\BizManager\bizmanager\node_modules\@img\sharp-win32-arm64
183 silly reify mark deleted [
183 silly reify   'C:\\Users\\User\\Desktop\\BizManager\\bizmanager\\node_modules\\@img\\sharp-win32-arm64'
183 silly reify ]
184 verbose reify failed optional dependency C:\Users\User\Desktop\BizManager\bizmanager\node_modules\@img\sharp-wasm32
185 silly reify mark deleted [
185 silly reify   'C:\\Users\\User\\Desktop\\BizManager\\bizmanager\\node_modules\\@img\\sharp-wasm32'
185 silly reify ]
186 verbose reify failed optional dependency C:\Users\User\Desktop\BizManager\bizmanager\node_modules\@img\sharp-linuxmusl-x64
187 silly reify mark deleted [
187 silly reify   'C:\\Users\\User\\Desktop\\BizManager\\bizmanager\\node_modules\\@img\\sharp-linuxmusl-x64'
187 silly reify ]
188 verbose reify failed optional dependency C:\Users\User\Desktop\BizManager\bizmanager\node_modules\@img\sharp-linuxmusl-arm64
189 silly reify mark deleted [
189 silly reify   'C:\\Users\\User\\Desktop\\BizManager\\bizmanager\\node_modules\\@img\\sharp-linuxmusl-arm64'
189 silly reify ]
190 verbose reify failed optional dependency C:\Users\User\Desktop\BizManager\bizmanager\node_modules\@img\sharp-linux-x64
191 silly reify mark deleted [
191 silly reify   'C:\\Users\\User\\Desktop\\BizManager\\bizmanager\\node_modules\\@img\\sharp-linux-x64'
191 silly reify ]
192 verbose reify failed optional dependency C:\Users\User\Desktop\BizManager\bizmanager\node_modules\@img\sharp-linux-s390x
193 silly reify mark deleted [
193 silly reify   'C:\\Users\\User\\Desktop\\BizManager\\bizmanager\\node_modules\\@img\\sharp-linux-s390x'
193 silly reify ]
194 verbose reify failed optional dependency C:\Users\User\Desktop\BizManager\bizmanager\node_modules\@img\sharp-linux-riscv64
195 silly reify mark deleted [
195 silly reify   'C:\\Users\\User\\Desktop\\BizManager\\bizmanager\\node_modules\\@img\\sharp-linux-riscv64'
195 silly reify ]
196 verbose reify failed optional dependency C:\Users\User\Desktop\BizManager\bizmanager\node_modules\@img\sharp-linux-ppc64
197 silly reify mark deleted [
197 silly reify   'C:\\Users\\User\\Desktop\\BizManager\\bizmanager\\node_modules\\@img\\sharp-linux-ppc64'
197 silly reify ]
198 verbose reify failed optional dependency C:\Users\User\Desktop\BizManager\bizmanager\node_modules\@img\sharp-linux-arm64
199 silly reify mark deleted [
199 silly reify   'C:\\Users\\User\\Desktop\\BizManager\\bizmanager\\node_modules\\@img\\sharp-linux-arm64'
199 silly reify ]
200 verbose reify failed optional dependency C:\Users\User\Desktop\BizManager\bizmanager\node_modules\@img\sharp-libvips-linuxmusl-arm64
201 silly reify mark deleted [
201 silly reify   'C:\\Users\\User\\Desktop\\BizManager\\bizmanager\\node_modules\\@img\\sharp-libvips-linuxmusl-arm64'
201 silly reify ]
202 verbose reify failed optional dependency C:\Users\User\Desktop\BizManager\bizmanager\node_modules\@img\sharp-linux-arm
203 silly reify mark deleted [
203 silly reify   'C:\\Users\\User\\Desktop\\BizManager\\bizmanager\\node_modules\\@img\\sharp-linux-arm'
203 silly reify ]
204 verbose reify failed optional dependency C:\Users\User\Desktop\BizManager\bizmanager\node_modules\@img\sharp-libvips-linuxmusl-x64
205 silly reify mark deleted [
205 silly reify   'C:\\Users\\User\\Desktop\\BizManager\\bizmanager\\node_modules\\@img\\sharp-libvips-linuxmusl-x64'
205 silly reify ]
206 verbose reify failed optional dependency C:\Users\User\Desktop\BizManager\bizmanager\node_modules\@img\sharp-libvips-linux-riscv64
207 silly reify mark deleted [
207 silly reify   'C:\\Users\\User\\Desktop\\BizManager\\bizmanager\\node_modules\\@img\\sharp-libvips-linux-riscv64'
207 silly reify ]
208 verbose reify failed optional dependency C:\Users\User\Desktop\BizManager\bizmanager\node_modules\@img\sharp-libvips-linux-x64
209 silly reify mark deleted [
209 silly reify   'C:\\Users\\User\\Desktop\\BizManager\\bizmanager\\node_modules\\@img\\sharp-libvips-linux-x64'
209 silly reify ]
210 verbose reify failed optional dependency C:\Users\User\Desktop\BizManager\bizmanager\node_modules\@img\sharp-libvips-linux-s390x
211 silly reify mark deleted [
211 silly reify   'C:\\Users\\User\\Desktop\\BizManager\\bizmanager\\node_modules\\@img\\sharp-libvips-linux-s390x'
211 silly reify ]
212 verbose reify failed optional dependency C:\Users\User\Desktop\BizManager\bizmanager\node_modules\@img\sharp-libvips-linux-ppc64
213 silly reify mark deleted [
213 silly reify   'C:\\Users\\User\\Desktop\\BizManager\\bizmanager\\node_modules\\@img\\sharp-libvips-linux-ppc64'
213 silly reify ]
214 verbose reify failed optional dependency C:\Users\User\Desktop\BizManager\bizmanager\node_modules\@img\sharp-libvips-linux-arm64
215 silly reify mark deleted [
215 silly reify   'C:\\Users\\User\\Desktop\\BizManager\\bizmanager\\node_modules\\@img\\sharp-libvips-linux-arm64'
215 silly reify ]
216 verbose reify failed optional dependency C:\Users\User\Desktop\BizManager\bizmanager\node_modules\@img\sharp-libvips-linux-arm
217 silly reify mark deleted [
217 silly reify   'C:\\Users\\User\\Desktop\\BizManager\\bizmanager\\node_modules\\@img\\sharp-libvips-linux-arm'
217 silly reify ]
218 verbose reify failed optional dependency C:\Users\User\Desktop\BizManager\bizmanager\node_modules\@img\sharp-libvips-darwin-x64
219 silly reify mark deleted [
219 silly reify   'C:\\Users\\User\\Desktop\\BizManager\\bizmanager\\node_modules\\@img\\sharp-libvips-darwin-x64'
219 silly reify ]
220 verbose reify failed optional dependency C:\Users\User\Desktop\BizManager\bizmanager\node_modules\@img\sharp-libvips-darwin-arm64
221 silly reify mark deleted [
221 silly reify   'C:\\Users\\User\\Desktop\\BizManager\\bizmanager\\node_modules\\@img\\sharp-libvips-darwin-arm64'
221 silly reify ]
222 verbose reify failed optional dependency C:\Users\User\Desktop\BizManager\bizmanager\node_modules\@img\sharp-darwin-x64
223 silly reify mark deleted [
223 silly reify   'C:\\Users\\User\\Desktop\\BizManager\\bizmanager\\node_modules\\@img\\sharp-darwin-x64'
223 silly reify ]
224 verbose reify failed optional dependency C:\Users\User\Desktop\BizManager\bizmanager\node_modules\@img\sharp-darwin-arm64
225 silly reify mark deleted [
225 silly reify   'C:\\Users\\User\\Desktop\\BizManager\\bizmanager\\node_modules\\@img\\sharp-darwin-arm64'
225 silly reify ]
226 verbose reify failed optional dependency C:\Users\User\Desktop\BizManager\bizmanager\node_modules\lightningcss-win32-arm64-msvc
227 silly reify mark deleted [
227 silly reify   'C:\\Users\\User\\Desktop\\BizManager\\bizmanager\\node_modules\\lightningcss-win32-arm64-msvc'
227 silly reify ]
228 verbose reify failed optional dependency C:\Users\User\Desktop\BizManager\bizmanager\node_modules\lightningcss-linux-x64-musl
229 silly reify mark deleted [
229 silly reify   'C:\\Users\\User\\Desktop\\BizManager\\bizmanager\\node_modules\\lightningcss-linux-x64-musl'
229 silly reify ]
230 verbose reify failed optional dependency C:\Users\User\Desktop\BizManager\bizmanager\node_modules\lightningcss-linux-x64-gnu
231 silly reify mark deleted [
231 silly reify   'C:\\Users\\User\\Desktop\\BizManager\\bizmanager\\node_modules\\lightningcss-linux-x64-gnu'
231 silly reify ]
232 verbose reify failed optional dependency C:\Users\User\Desktop\BizManager\bizmanager\node_modules\lightningcss-darwin-arm64
233 silly reify mark deleted [
233 silly reify   'C:\\Users\\User\\Desktop\\BizManager\\bizmanager\\node_modules\\lightningcss-darwin-arm64'
233 silly reify ]
234 verbose reify failed optional dependency C:\Users\User\Desktop\BizManager\bizmanager\node_modules\lightningcss-linux-arm64-musl
235 silly reify mark deleted [
235 silly reify   'C:\\Users\\User\\Desktop\\BizManager\\bizmanager\\node_modules\\lightningcss-linux-arm64-musl'
235 silly reify ]
236 verbose reify failed optional dependency C:\Users\User\Desktop\BizManager\bizmanager\node_modules\lightningcss-linux-arm64-gnu
237 silly reify mark deleted [
237 silly reify   'C:\\Users\\User\\Desktop\\BizManager\\bizmanager\\node_modules\\lightningcss-linux-arm64-gnu'
237 silly reify ]
238 verbose reify failed optional dependency C:\Users\User\Desktop\BizManager\bizmanager\node_modules\lightningcss-linux-arm-gnueabihf
239 silly reify mark deleted [
239 silly reify   'C:\\Users\\User\\Desktop\\BizManager\\bizmanager\\node_modules\\lightningcss-linux-arm-gnueabihf'
239 silly reify ]
240 verbose reify failed optional dependency C:\Users\User\Desktop\BizManager\bizmanager\node_modules\lightningcss-freebsd-x64
241 silly reify mark deleted [
241 silly reify   'C:\\Users\\User\\Desktop\\BizManager\\bizmanager\\node_modules\\lightningcss-freebsd-x64'
241 silly reify ]
242 verbose reify failed optional dependency C:\Users\User\Desktop\BizManager\bizmanager\node_modules\lightningcss-darwin-x64
243 silly reify mark deleted [
243 silly reify   'C:\\Users\\User\\Desktop\\BizManager\\bizmanager\\node_modules\\lightningcss-darwin-x64'
243 silly reify ]
244 verbose reify failed optional dependency C:\Users\User\Desktop\BizManager\bizmanager\node_modules\lightningcss-android-arm64
245 silly reify mark deleted [
245 silly reify   'C:\\Users\\User\\Desktop\\BizManager\\bizmanager\\node_modules\\lightningcss-android-arm64'
245 silly reify ]
246 silly audit bulk request failed undefined
247 verbose audit error FetchError: request to https://registry.npmjs.org/-/npm/v1/security/audits/quick failed, reason: connect EACCES 104.16.9.34:443
247 verbose audit error     at ClientRequest.<anonymous> (C:\Program Files\nodejs\node_modules\npm\node_modules\minipass-fetch\lib\index.js:130:14)
247 verbose audit error     at ClientRequest.emit (node:events:524:28)
247 verbose audit error     at emitErrorEvent (node:_http_client:104:11)
247 verbose audit error     at _destroy (node:_http_client:892:9)
247 verbose audit error     at onSocketNT (node:_http_client:912:5)
247 verbose audit error     at process.processTicksAndRejections (node:internal/process/task_queues:91:21) {
247 verbose audit error   code: 'EACCES',
247 verbose audit error   errno: 'EACCES',
247 verbose audit error   syscall: 'connect',
247 verbose audit error   address: '104.16.9.34',
247 verbose audit error   port: 443,
247 verbose audit error   type: 'system'
247 verbose audit error }
248 silly audit error undefined
249 silly audit report null
250 silly tarball no local data for @types/raf@https://registry.npmjs.org/@types/raf/-/raf-3.4.3.tgz. Extracting by manifest.
251 silly tarball no local data for @types/pako@https://registry.npmjs.org/@types/pako/-/pako-2.0.4.tgz. Extracting by manifest.
252 silly tarball no local data for svg-pathdata@https://registry.npmjs.org/svg-pathdata/-/svg-pathdata-6.0.3.tgz. Extracting by manifest.
253 silly tarball no local data for @babel/runtime@https://registry.npmjs.org/@babel/runtime/-/runtime-7.29.2.tgz. Extracting by manifest.
254 silly tarball no local data for stackblur-canvas@https://registry.npmjs.org/stackblur-canvas/-/stackblur-canvas-2.7.0.tgz. Extracting by manifest.
255 silly tarball no local data for utrie@https://registry.npmjs.org/utrie/-/utrie-1.0.2.tgz. Extracting by manifest.
256 silly tarball no local data for rgbcolor@https://registry.npmjs.org/rgbcolor/-/rgbcolor-1.0.1.tgz. Extracting by manifest.
257 silly tarball no local data for pako@https://registry.npmjs.org/pako/-/pako-2.1.0.tgz. Extracting by manifest.
258 silly tarball no local data for text-segmentation@https://registry.npmjs.org/text-segmentation/-/text-segmentation-1.0.3.tgz. Extracting by manifest.
259 silly tarball no local data for iobuffer@https://registry.npmjs.org/iobuffer/-/iobuffer-5.4.0.tgz. Extracting by manifest.
260 silly tarball no local data for html2canvas@https://registry.npmjs.org/html2canvas/-/html2canvas-1.4.1.tgz. Extracting by manifest.
261 silly tarball no local data for fast-png@https://registry.npmjs.org/fast-png/-/fast-png-6.4.0.tgz. Extracting by manifest.
262 silly tarball no local data for jspdf@https://registry.npmjs.org/jspdf/-/jspdf-4.2.1.tgz. Extracting by manifest.
263 silly tarball no local data for html-to-image@https://registry.npmjs.org/html-to-image/-/html-to-image-1.11.13.tgz. Extracting by manifest.
264 silly tarball no local data for fflate@https://registry.npmjs.org/fflate/-/fflate-0.8.2.tgz. Extracting by manifest.
265 silly tarball no local data for dompurify@https://registry.npmjs.org/dompurify/-/dompurify-3.4.2.tgz. Extracting by manifest.
266 silly tarball no local data for css-line-break@https://registry.npmjs.org/css-line-break/-/css-line-break-2.1.0.tgz. Extracting by manifest.
267 silly tarball no local data for core-js@https://registry.npmjs.org/core-js/-/core-js-3.49.0.tgz. Extracting by manifest.
268 silly tarball no local data for canvg@https://registry.npmjs.org/canvg/-/canvg-3.0.11.tgz. Extracting by manifest.
269 silly tarball no local data for base64-arraybuffer@https://registry.npmjs.org/base64-arraybuffer/-/base64-arraybuffer-1.0.2.tgz. Extracting by manifest.
270 http fetch GET https://registry.npmjs.org/@types/raf/-/raf-3.4.3.tgz attempt 1 failed with EACCES
271 http fetch GET https://registry.npmjs.org/@types/pako/-/pako-2.0.4.tgz attempt 1 failed with EACCES
272 http fetch GET https://registry.npmjs.org/svg-pathdata/-/svg-pathdata-6.0.3.tgz attempt 1 failed with EACCES
273 http fetch GET https://registry.npmjs.org/@babel/runtime/-/runtime-7.29.2.tgz attempt 1 failed with EACCES
274 http fetch GET https://registry.npmjs.org/stackblur-canvas/-/stackblur-canvas-2.7.0.tgz attempt 1 failed with EACCES
275 http fetch GET https://registry.npmjs.org/utrie/-/utrie-1.0.2.tgz attempt 1 failed with EACCES
276 http fetch GET https://registry.npmjs.org/rgbcolor/-/rgbcolor-1.0.1.tgz attempt 1 failed with EACCES
277 http fetch GET https://registry.npmjs.org/pako/-/pako-2.1.0.tgz attempt 1 failed with EACCES
278 http fetch GET https://registry.npmjs.org/text-segmentation/-/text-segmentation-1.0.3.tgz attempt 1 failed with EACCES
279 http fetch GET https://registry.npmjs.org/iobuffer/-/iobuffer-5.4.0.tgz attempt 1 failed with EACCES
280 http fetch GET https://registry.npmjs.org/html2canvas/-/html2canvas-1.4.1.tgz attempt 1 failed with EACCES
281 http fetch GET https://registry.npmjs.org/fast-png/-/fast-png-6.4.0.tgz attempt 1 failed with EACCES
282 http fetch GET https://registry.npmjs.org/jspdf/-/jspdf-4.2.1.tgz attempt 1 failed with EACCES
283 http fetch GET https://registry.npmjs.org/html-to-image/-/html-to-image-1.11.13.tgz attempt 1 failed with EACCES
284 http fetch GET https://registry.npmjs.org/fflate/-/fflate-0.8.2.tgz attempt 1 failed with EACCES
285 http fetch GET https://registry.npmjs.org/npm attempt 2 failed with EACCES
286 http fetch GET https://registry.npmjs.org/@types/raf/-/raf-3.4.3.tgz attempt 2 failed with EACCES
287 http fetch GET https://registry.npmjs.org/@types/pako/-/pako-2.0.4.tgz attempt 2 failed with EACCES
288 http fetch GET https://registry.npmjs.org/svg-pathdata/-/svg-pathdata-6.0.3.tgz attempt 2 failed with EACCES
289 http fetch GET https://registry.npmjs.org/@babel/runtime/-/runtime-7.29.2.tgz attempt 2 failed with EACCES
290 http fetch GET https://registry.npmjs.org/stackblur-canvas/-/stackblur-canvas-2.7.0.tgz attempt 2 failed with EACCES
291 http fetch GET https://registry.npmjs.org/utrie/-/utrie-1.0.2.tgz attempt 2 failed with EACCES
292 http fetch GET https://registry.npmjs.org/rgbcolor/-/rgbcolor-1.0.1.tgz attempt 2 failed with EACCES
293 http fetch GET https://registry.npmjs.org/pako/-/pako-2.1.0.tgz attempt 2 failed with EACCES
294 http fetch GET https://registry.npmjs.org/text-segmentation/-/text-segmentation-1.0.3.tgz attempt 2 failed with EACCES
295 http fetch GET https://registry.npmjs.org/iobuffer/-/iobuffer-5.4.0.tgz attempt 2 failed with EACCES
296 http fetch GET https://registry.npmjs.org/html2canvas/-/html2canvas-1.4.1.tgz attempt 2 failed with EACCES
297 http fetch GET https://registry.npmjs.org/fast-png/-/fast-png-6.4.0.tgz attempt 2 failed with EACCES
298 http fetch GET https://registry.npmjs.org/jspdf/-/jspdf-4.2.1.tgz attempt 2 failed with EACCES
299 http fetch GET https://registry.npmjs.org/html-to-image/-/html-to-image-1.11.13.tgz attempt 2 failed with EACCES
300 http fetch GET https://registry.npmjs.org/fflate/-/fflate-0.8.2.tgz attempt 2 failed with EACCES
301 http fetch GET https://registry.npmjs.org/npm attempt 3 failed with EACCES
302 http fetch GET https://registry.npmjs.org/@types/raf/-/raf-3.4.3.tgz attempt 3 failed with EACCES
303 verbose reify failed optional dependency C:\Users\User\Desktop\BizManager\bizmanager\node_modules\@types\raf
304 silly reify mark deleted [
304 silly reify   'C:\\Users\\User\\Desktop\\BizManager\\bizmanager\\node_modules\\@types\\raf'
304 silly reify ]
305 verbose reify failed optional dependency C:\Users\User\Desktop\BizManager\bizmanager\node_modules\canvg
306 silly reify mark deleted [
306 silly reify   'C:\\Users\\User\\Desktop\\BizManager\\bizmanager\\node_modules\\canvg'
306 silly reify ]
307 verbose reify failed optional dependency C:\Users\User\Desktop\BizManager\bizmanager\node_modules\core-js
308 silly reify mark deleted [
308 silly reify   'C:\\Users\\User\\Desktop\\BizManager\\bizmanager\\node_modules\\core-js'
308 silly reify ]
309 verbose reify failed optional dependency C:\Users\User\Desktop\BizManager\bizmanager\node_modules\raf
310 silly reify mark deleted [
310 silly reify   'C:\\Users\\User\\Desktop\\BizManager\\bizmanager\\node_modules\\raf'
310 silly reify ]
311 verbose reify failed optional dependency C:\Users\User\Desktop\BizManager\bizmanager\node_modules\regenerator-runtime
312 silly reify mark deleted [
312 silly reify   'C:\\Users\\User\\Desktop\\BizManager\\bizmanager\\node_modules\\regenerator-runtime'
312 silly reify ]
313 verbose reify failed optional dependency C:\Users\User\Desktop\BizManager\bizmanager\node_modules\rgbcolor
314 silly reify mark deleted [
314 silly reify   'C:\\Users\\User\\Desktop\\BizManager\\bizmanager\\node_modules\\rgbcolor'
314 silly reify ]
315 verbose reify failed optional dependency C:\Users\User\Desktop\BizManager\bizmanager\node_modules\stackblur-canvas
316 silly reify mark deleted [
316 silly reify   'C:\\Users\\User\\Desktop\\BizManager\\bizmanager\\node_modules\\stackblur-canvas'
316 silly reify ]
317 verbose reify failed optional dependency C:\Users\User\Desktop\BizManager\bizmanager\node_modules\svg-pathdata
318 silly reify mark deleted [
318 silly reify   'C:\\Users\\User\\Desktop\\BizManager\\bizmanager\\node_modules\\svg-pathdata'
318 silly reify ]
319 verbose reify failed optional dependency C:\Users\User\Desktop\BizManager\bizmanager\node_modules\performance-now
320 silly reify mark deleted [
320 silly reify   'C:\\Users\\User\\Desktop\\BizManager\\bizmanager\\node_modules\\performance-now'
320 silly reify ]
321 http fetch GET https://registry.npmjs.org/@types/pako/-/pako-2.0.4.tgz attempt 3 failed with EACCES
322 http fetch GET https://registry.npmjs.org/svg-pathdata/-/svg-pathdata-6.0.3.tgz attempt 3 failed with EACCES
323 verbose reify failed optional dependency C:\Users\User\Desktop\BizManager\bizmanager\node_modules\svg-pathdata
324 silly reify mark deleted [
324 silly reify   'C:\\Users\\User\\Desktop\\BizManager\\bizmanager\\node_modules\\svg-pathdata'
324 silly reify ]
325 verbose reify failed optional dependency C:\Users\User\Desktop\BizManager\bizmanager\node_modules\canvg
326 silly reify mark deleted [
326 silly reify   'C:\\Users\\User\\Desktop\\BizManager\\bizmanager\\node_modules\\canvg'
326 silly reify ]
327 verbose reify failed optional dependency C:\Users\User\Desktop\BizManager\bizmanager\node_modules\@types\raf
328 silly reify mark deleted [
328 silly reify   'C:\\Users\\User\\Desktop\\BizManager\\bizmanager\\node_modules\\@types\\raf'
328 silly reify ]
329 verbose reify failed optional dependency C:\Users\User\Desktop\BizManager\bizmanager\node_modules\core-js
330 silly reify mark deleted [
330 silly reify   'C:\\Users\\User\\Desktop\\BizManager\\bizmanager\\node_modules\\core-js'
330 silly reify ]
331 verbose reify failed optional dependency C:\Users\User\Desktop\BizManager\bizmanager\node_modules\raf
332 silly reify mark deleted [
332 silly reify   'C:\\Users\\User\\Desktop\\BizManager\\bizmanager\\node_modules\\raf'
332 silly reify ]
333 verbose reify failed optional dependency C:\Users\User\Desktop\BizManager\bizmanager\node_modules\regenerator-runtime
334 silly reify mark deleted [
334 silly reify   'C:\\Users\\User\\Desktop\\BizManager\\bizmanager\\node_modules\\regenerator-runtime'
334 silly reify ]
335 verbose reify failed optional dependency C:\Users\User\Desktop\BizManager\bizmanager\node_modules\rgbcolor
336 silly reify mark deleted [
336 silly reify   'C:\\Users\\User\\Desktop\\BizManager\\bizmanager\\node_modules\\rgbcolor'
336 silly reify ]
337 verbose reify failed optional dependency C:\Users\User\Desktop\BizManager\bizmanager\node_modules\stackblur-canvas
338 silly reify mark deleted [
338 silly reify   'C:\\Users\\User\\Desktop\\BizManager\\bizmanager\\node_modules\\stackblur-canvas'
338 silly reify ]
339 verbose reify failed optional dependency C:\Users\User\Desktop\BizManager\bizmanager\node_modules\performance-now
340 silly reify mark deleted [
340 silly reify   'C:\\Users\\User\\Desktop\\BizManager\\bizmanager\\node_modules\\performance-now'
340 silly reify ]
341 http fetch GET https://registry.npmjs.org/@babel/runtime/-/runtime-7.29.2.tgz attempt 3 failed with EACCES
342 http fetch GET https://registry.npmjs.org/stackblur-canvas/-/stackblur-canvas-2.7.0.tgz attempt 3 failed with EACCES
343 verbose reify failed optional dependency C:\Users\User\Desktop\BizManager\bizmanager\node_modules\stackblur-canvas
344 silly reify mark deleted [
344 silly reify   'C:\\Users\\User\\Desktop\\BizManager\\bizmanager\\node_modules\\stackblur-canvas'
344 silly reify ]
345 verbose reify failed optional dependency C:\Users\User\Desktop\BizManager\bizmanager\node_modules\canvg
346 silly reify mark deleted [
346 silly reify   'C:\\Users\\User\\Desktop\\BizManager\\bizmanager\\node_modules\\canvg'
346 silly reify ]
347 verbose reify failed optional dependency C:\Users\User\Desktop\BizManager\bizmanager\node_modules\@types\raf
348 silly reify mark deleted [
348 silly reify   'C:\\Users\\User\\Desktop\\BizManager\\bizmanager\\node_modules\\@types\\raf'
348 silly reify ]
349 verbose reify failed optional dependency C:\Users\User\Desktop\BizManager\bizmanager\node_modules\core-js
350 silly reify mark deleted [
350 silly reify   'C:\\Users\\User\\Desktop\\BizManager\\bizmanager\\node_modules\\core-js'
350 silly reify ]
351 verbose reify failed optional dependency C:\Users\User\Desktop\BizManager\bizmanager\node_modules\raf
352 silly reify mark deleted [
352 silly reify   'C:\\Users\\User\\Desktop\\BizManager\\bizmanager\\node_modules\\raf'
352 silly reify ]
353 verbose reify failed optional dependency C:\Users\User\Desktop\BizManager\bizmanager\node_modules\regenerator-runtime
354 silly reify mark deleted [
354 silly reify   'C:\\Users\\User\\Desktop\\BizManager\\bizmanager\\node_modules\\regenerator-runtime'
354 silly reify ]
355 verbose reify failed optional dependency C:\Users\User\Desktop\BizManager\bizmanager\node_modules\rgbcolor
356 silly reify mark deleted [
356 silly reify   'C:\\Users\\User\\Desktop\\BizManager\\bizmanager\\node_modules\\rgbcolor'
356 silly reify ]
357 verbose reify failed optional dependency C:\Users\User\Desktop\BizManager\bizmanager\node_modules\svg-pathdata
358 silly reify mark deleted [
358 silly reify   'C:\\Users\\User\\Desktop\\BizManager\\bizmanager\\node_modules\\svg-pathdata'
358 silly reify ]
359 verbose reify failed optional dependency C:\Users\User\Desktop\BizManager\bizmanager\node_modules\performance-now
360 silly reify mark deleted [
360 silly reify   'C:\\Users\\User\\Desktop\\BizManager\\bizmanager\\node_modules\\performance-now'
360 silly reify ]
361 http fetch GET https://registry.npmjs.org/utrie/-/utrie-1.0.2.tgz attempt 3 failed with EACCES
362 http fetch GET https://registry.npmjs.org/rgbcolor/-/rgbcolor-1.0.1.tgz attempt 3 failed with EACCES
363 verbose reify failed optional dependency C:\Users\User\Desktop\BizManager\bizmanager\node_modules\rgbcolor
364 silly reify mark deleted [
364 silly reify   'C:\\Users\\User\\Desktop\\BizManager\\bizmanager\\node_modules\\rgbcolor'
364 silly reify ]
365 verbose reify failed optional dependency C:\Users\User\Desktop\BizManager\bizmanager\node_modules\canvg
366 silly reify mark deleted [
366 silly reify   'C:\\Users\\User\\Desktop\\BizManager\\bizmanager\\node_modules\\canvg'
366 silly reify ]
367 verbose reify failed optional dependency C:\Users\User\Desktop\BizManager\bizmanager\node_modules\@types\raf
368 silly reify mark deleted [
368 silly reify   'C:\\Users\\User\\Desktop\\BizManager\\bizmanager\\node_modules\\@types\\raf'
368 silly reify ]
369 verbose reify failed optional dependency C:\Users\User\Desktop\BizManager\bizmanager\node_modules\core-js
370 silly reify mark deleted [
370 silly reify   'C:\\Users\\User\\Desktop\\BizManager\\bizmanager\\node_modules\\core-js'
370 silly reify ]
371 verbose reify failed optional dependency C:\Users\User\Desktop\BizManager\bizmanager\node_modules\raf
372 silly reify mark deleted [
372 silly reify   'C:\\Users\\User\\Desktop\\BizManager\\bizmanager\\node_modules\\raf'
372 silly reify ]
373 verbose reify failed optional dependency C:\Users\User\Desktop\BizManager\bizmanager\node_modules\regenerator-runtime
374 silly reify mark deleted [
374 silly reify   'C:\\Users\\User\\Desktop\\BizManager\\bizmanager\\node_modules\\regenerator-runtime'
374 silly reify ]
375 verbose reify failed optional dependency C:\Users\User\Desktop\BizManager\bizmanager\node_modules\stackblur-canvas
376 silly reify mark deleted [
376 silly reify   'C:\\Users\\User\\Desktop\\BizManager\\bizmanager\\node_modules\\stackblur-canvas'
376 silly reify ]
377 verbose reify failed optional dependency C:\Users\User\Desktop\BizManager\bizmanager\node_modules\svg-pathdata
378 silly reify mark deleted [
378 silly reify   'C:\\Users\\User\\Desktop\\BizManager\\bizmanager\\node_modules\\svg-pathdata'
378 silly reify ]
379 verbose reify failed optional dependency C:\Users\User\Desktop\BizManager\bizmanager\node_modules\performance-now
380 silly reify mark deleted [
380 silly reify   'C:\\Users\\User\\Desktop\\BizManager\\bizmanager\\node_modules\\performance-now'
380 silly reify ]
381 http fetch GET https://registry.npmjs.org/pako/-/pako-2.1.0.tgz attempt 3 failed with EACCES
382 http fetch GET https://registry.npmjs.org/text-segmentation/-/text-segmentation-1.0.3.tgz attempt 3 failed with EACCES
383 http fetch GET https://registry.npmjs.org/iobuffer/-/iobuffer-5.4.0.tgz attempt 3 failed with EACCES
384 http fetch GET https://registry.npmjs.org/html2canvas/-/html2canvas-1.4.1.tgz attempt 3 failed with EACCES
385 http fetch GET https://registry.npmjs.org/fast-png/-/fast-png-6.4.0.tgz attempt 3 failed with EACCES
386 http fetch GET https://registry.npmjs.org/jspdf/-/jspdf-4.2.1.tgz attempt 3 failed with EACCES
387 http fetch GET https://registry.npmjs.org/html-to-image/-/html-to-image-1.11.13.tgz attempt 3 failed with EACCES
388 http fetch GET https://registry.npmjs.org/fflate/-/fflate-0.8.2.tgz attempt 3 failed with EACCES
389 verbose cwd C:\Users\User\Desktop\BizManager\bizmanager
390 verbose os Windows_NT 10.0.26200
391 verbose node v22.12.0
392 verbose npm  v10.9.0
393 error Exit handler never called!
394 error This is an error with npm itself. Please report this error at:
395 error   <https://github.com/npm/cli/issues>
396 verbose exit 1
397 verbose code 1
398 error A complete log of this run can be found in: C:\Users\User\Desktop\BizManager\bizmanager\.npm-cache\_logs\2026-05-06T09_26_14_473Z-debug-0.log
